stm32l0xx_hal_pcd.c:120:19:HAL_PCD_Init	64	static
stm32l0xx_hal_pcd.c:227:19:HAL_PCD_DeInit	16	static
stm32l0xx_hal_pcd.c:263:13:HAL_PCD_MspInit	16	static
stm32l0xx_hal_pcd.c:278:13:HAL_PCD_MspDeInit	16	static
stm32l0xx_hal_pcd.c:973:19:HAL_PCD_Start	16	static
stm32l0xx_hal_pcd.c:987:19:HAL_PCD_Stop	16	static
stm32l0xx_hal_pcd.c:1009:6:HAL_PCD_IRQHandler	16	static
stm32l0xx_hal_pcd.c:1138:13:HAL_PCD_DataOutStageCallback	16	static
stm32l0xx_hal_pcd.c:1155:13:HAL_PCD_DataInStageCallback	16	static
stm32l0xx_hal_pcd.c:1170:13:HAL_PCD_SetupStageCallback	16	static
stm32l0xx_hal_pcd.c:1185:13:HAL_PCD_SOFCallback	16	static
stm32l0xx_hal_pcd.c:1200:13:HAL_PCD_ResetCallback	16	static
stm32l0xx_hal_pcd.c:1215:13:HAL_PCD_SuspendCallback	16	static
stm32l0xx_hal_pcd.c:1230:13:HAL_PCD_ResumeCallback	16	static
stm32l0xx_hal_pcd.c:1246:13:HAL_PCD_ISOOUTIncompleteCallback	16	static
stm32l0xx_hal_pcd.c:1263:13:HAL_PCD_ISOINIncompleteCallback	16	static
stm32l0xx_hal_pcd.c:1279:13:HAL_PCD_ConnectCallback	16	static
stm32l0xx_hal_pcd.c:1294:13:HAL_PCD_DisconnectCallback	16	static
stm32l0xx_hal_pcd.c:1328:19:HAL_PCD_DevConnect	16	static
stm32l0xx_hal_pcd.c:1341:19:HAL_PCD_DevDisconnect	16	static
stm32l0xx_hal_pcd.c:1355:19:HAL_PCD_SetAddress	16	static
stm32l0xx_hal_pcd.c:1371:19:HAL_PCD_EP_Open	32	static
stm32l0xx_hal_pcd.c:1415:19:HAL_PCD_EP_Close	24	static
stm32l0xx_hal_pcd.c:1446:19:HAL_PCD_EP_Receive	32	static
stm32l0xx_hal_pcd.c:1477:10:HAL_PCD_EP_GetRxCount	16	static
stm32l0xx_hal_pcd.c:1489:19:HAL_PCD_EP_Transmit	32	static
stm32l0xx_hal_pcd.c:1520:19:HAL_PCD_EP_SetStall	24	static
stm32l0xx_hal_pcd.c:1561:19:HAL_PCD_EP_ClrStall	24	static
stm32l0xx_hal_pcd.c:1597:19:HAL_PCD_EP_Flush	16	static
stm32l0xx_hal_pcd.c:1611:19:HAL_PCD_ActivateRemoteWakeup	16	static
stm32l0xx_hal_pcd.c:1621:19:HAL_PCD_DeActivateRemoteWakeup	16	static
stm32l0xx_hal_pcd.c:1650:18:HAL_PCD_GetState	16	static
stm32l0xx_hal_pcd.c:1674:26:PCD_EP_ISR_Handler	48	static
