Archive member included to satisfy reference by file (symbol)

c:/st/stm32cubeide_1.2.0/stm32cubeide/plugins/com.st.stm32cube.ide.mcu.externaltools.gnu-tools-for-stm32.7-2018-q2-update.win32_1.0.0.201904181610/tools/bin/../lib/gcc/arm-none-eabi/7.3.1/../../../../arm-none-eabi/lib/thumb/v6-m\libc_nano.a(lib_a-errno.o)
                              Core/Src/syscalls.o (__errno)
c:/st/stm32cubeide_1.2.0/stm32cubeide/plugins/com.st.stm32cube.ide.mcu.externaltools.gnu-tools-for-stm32.7-2018-q2-update.win32_1.0.0.201904181610/tools/bin/../lib/gcc/arm-none-eabi/7.3.1/../../../../arm-none-eabi/lib/thumb/v6-m\libc_nano.a(lib_a-exit.o)
                              c:/st/stm32cubeide_1.2.0/stm32cubeide/plugins/com.st.stm32cube.ide.mcu.externaltools.gnu-tools-for-stm32.7-2018-q2-update.win32_1.0.0.201904181610/tools/bin/../lib/gcc/arm-none-eabi/7.3.1/../../../../arm-none-eabi/lib/thumb/v6-m/crt0.o (exit)
c:/st/stm32cubeide_1.2.0/stm32cubeide/plugins/com.st.stm32cube.ide.mcu.externaltools.gnu-tools-for-stm32.7-2018-q2-update.win32_1.0.0.201904181610/tools/bin/../lib/gcc/arm-none-eabi/7.3.1/../../../../arm-none-eabi/lib/thumb/v6-m\libc_nano.a(lib_a-impure.o)
                              c:/st/stm32cubeide_1.2.0/stm32cubeide/plugins/com.st.stm32cube.ide.mcu.externaltools.gnu-tools-for-stm32.7-2018-q2-update.win32_1.0.0.201904181610/tools/bin/../lib/gcc/arm-none-eabi/7.3.1/../../../../arm-none-eabi/lib/thumb/v6-m\libc_nano.a(lib_a-exit.o) (_global_impure_ptr)
c:/st/stm32cubeide_1.2.0/stm32cubeide/plugins/com.st.stm32cube.ide.mcu.externaltools.gnu-tools-for-stm32.7-2018-q2-update.win32_1.0.0.201904181610/tools/bin/../lib/gcc/arm-none-eabi/7.3.1/../../../../arm-none-eabi/lib/thumb/v6-m\libc_nano.a(lib_a-init.o)
                              c:/st/stm32cubeide_1.2.0/stm32cubeide/plugins/com.st.stm32cube.ide.mcu.externaltools.gnu-tools-for-stm32.7-2018-q2-update.win32_1.0.0.201904181610/tools/bin/../lib/gcc/arm-none-eabi/7.3.1/../../../../arm-none-eabi/lib/thumb/v6-m/crt0.o (__libc_init_array)
c:/st/stm32cubeide_1.2.0/stm32cubeide/plugins/com.st.stm32cube.ide.mcu.externaltools.gnu-tools-for-stm32.7-2018-q2-update.win32_1.0.0.201904181610/tools/bin/../lib/gcc/arm-none-eabi/7.3.1/../../../../arm-none-eabi/lib/thumb/v6-m\libc_nano.a(lib_a-memset.o)
                              c:/st/stm32cubeide_1.2.0/stm32cubeide/plugins/com.st.stm32cube.ide.mcu.externaltools.gnu-tools-for-stm32.7-2018-q2-update.win32_1.0.0.201904181610/tools/bin/../lib/gcc/arm-none-eabi/7.3.1/../../../../arm-none-eabi/lib/thumb/v6-m/crt0.o (memset)
c:/st/stm32cubeide_1.2.0/stm32cubeide/plugins/com.st.stm32cube.ide.mcu.externaltools.gnu-tools-for-stm32.7-2018-q2-update.win32_1.0.0.201904181610/tools/bin/../lib/gcc/arm-none-eabi/7.3.1/thumb/v6-m\libgcc.a(_udivsi3.o)
                              Core/Src/system_stm32l0xx.o (__aeabi_uidiv)
c:/st/stm32cubeide_1.2.0/stm32cubeide/plugins/com.st.stm32cube.ide.mcu.externaltools.gnu-tools-for-stm32.7-2018-q2-update.win32_1.0.0.201904181610/tools/bin/../lib/gcc/arm-none-eabi/7.3.1/thumb/v6-m\libgcc.a(_dvmd_tls.o)
                              c:/st/stm32cubeide_1.2.0/stm32cubeide/plugins/com.st.stm32cube.ide.mcu.externaltools.gnu-tools-for-stm32.7-2018-q2-update.win32_1.0.0.201904181610/tools/bin/../lib/gcc/arm-none-eabi/7.3.1/thumb/v6-m\libgcc.a(_udivsi3.o) (__aeabi_idiv0)
c:/st/stm32cubeide_1.2.0/stm32cubeide/plugins/com.st.stm32cube.ide.mcu.externaltools.gnu-tools-for-stm32.7-2018-q2-update.win32_1.0.0.201904181610/tools/bin/../lib/gcc/arm-none-eabi/7.3.1/thumb/v6-m\libgcc.a(_aeabi_uldivmod.o)
                              Drivers/STM32L0xx_HAL_Driver/Src/stm32l0xx_hal_uart.o (__aeabi_uldivmod)
c:/st/stm32cubeide_1.2.0/stm32cubeide/plugins/com.st.stm32cube.ide.mcu.externaltools.gnu-tools-for-stm32.7-2018-q2-update.win32_1.0.0.201904181610/tools/bin/../lib/gcc/arm-none-eabi/7.3.1/thumb/v6-m\libgcc.a(_udivmoddi4.o)
                              c:/st/stm32cubeide_1.2.0/stm32cubeide/plugins/com.st.stm32cube.ide.mcu.externaltools.gnu-tools-for-stm32.7-2018-q2-update.win32_1.0.0.201904181610/tools/bin/../lib/gcc/arm-none-eabi/7.3.1/thumb/v6-m\libgcc.a(_aeabi_uldivmod.o) (__udivmoddi4)
c:/st/stm32cubeide_1.2.0/stm32cubeide/plugins/com.st.stm32cube.ide.mcu.externaltools.gnu-tools-for-stm32.7-2018-q2-update.win32_1.0.0.201904181610/tools/bin/../lib/gcc/arm-none-eabi/7.3.1/thumb/v6-m\libgcc.a(_clzdi2.o)
                              c:/st/stm32cubeide_1.2.0/stm32cubeide/plugins/com.st.stm32cube.ide.mcu.externaltools.gnu-tools-for-stm32.7-2018-q2-update.win32_1.0.0.201904181610/tools/bin/../lib/gcc/arm-none-eabi/7.3.1/thumb/v6-m\libgcc.a(_udivmoddi4.o) (__clzdi2)
c:/st/stm32cubeide_1.2.0/stm32cubeide/plugins/com.st.stm32cube.ide.mcu.externaltools.gnu-tools-for-stm32.7-2018-q2-update.win32_1.0.0.201904181610/tools/bin/../lib/gcc/arm-none-eabi/7.3.1/thumb/v6-m\libgcc.a(_clzsi2.o)
[...]
Memory Configuration

Name             Origin             Length             Attributes
RAM              0x0000000020000000 0x0000000000002000 xrw
FLASH            0x0000000008000000 0x0000000000010000 xr
*default*        0x0000000000000000 0xffffffffffffffff

Linker script and memory map

LOAD c:/st/stm32cubeide_1.2.0/stm32cubeide/plugins/com.st.stm32cube.ide.mcu.externaltools.gnu-tools-for-stm32.7-2018-q2-update.win32_1.0.0.201904181610/tools/bin/../lib/gcc/arm-none-eabi/7.3.1/thumb/v6-m/crti.o
LOAD c:/st/stm32cubeide_1.2.0/stm32cubeide/plugins/com.st.stm32cube.ide.mcu.externaltools.gnu-tools-for-stm32.7-2018-q2-update.win32_1.0.0.201904181610/tools/bin/../lib/gcc/arm-none-eabi/7.3.1/thumb/v6-m/crtbegin.o
LOAD c:/st/stm32cubeide_1.2.0/stm32cubeide/plugins/com.st.stm32cube.ide.mcu.externaltools.gnu-tools-for-stm32.7-2018-q2-update.win32_1.0.0.201904181610/tools/bin/../lib/gcc/arm-none-eabi/7.3.1/../../../../arm-none-eabi/lib/thumb/v6-m/crt0.o
LOAD Core/Src/Remote.o
LOAD Core/Src/main.o
LOAD Core/Src/stm32l0xx_hal_msp.o
LOAD Core/Src/stm32l0xx_it.o
LOAD Core/Src/syscalls.o
LOAD Core/Src/sysmem.o
LOAD Core/Src/system_stm32l0xx.o
LOAD Core/Startup/startup_stm32l052k8tx.o
LOAD Drivers/STM32L0xx_HAL_Driver/Src/stm32l0xx_hal.o
LOAD Drivers/STM32L0xx_HAL_Driver/Src/stm32l0xx_hal_cortex.o
LOAD Drivers/STM32L0xx_HAL_Driver/Src/stm32l0xx_hal_dma.o
LOAD Drivers/STM32L0xx_HAL_Driver/Src/stm32l0xx_hal_flash.o
LOAD Drivers/STM32L0xx_HAL_Driver/Src/stm32l0xx_hal_flash_ex.o
LOAD Drivers/STM32L0xx_HAL_Driver/Src/stm32l0xx_hal_flash_ramfunc.o
LOAD Drivers/STM32L0xx_HAL_Driver/Src/stm32l0xx_hal_gpio.o
LOAD Drivers/STM32L0xx_HAL_Driver/Src/stm32l0xx_hal_i2c.o
LOAD Drivers/STM32L0xx_HAL_Driver/Src/stm32l0xx_hal_i2c_ex.o
LOAD Drivers/STM32L0xx_HAL_Driver/Src/stm32l0xx_hal_pcd.o
LOAD Drivers/STM32L0xx_HAL_Driver/Src/stm32l0xx_hal_pcd_ex.o
LOAD Drivers/STM32L0xx_HAL_Driver/Src/stm32l0xx_hal_pwr.o
LOAD Drivers/STM32L0xx_HAL_Driver/Src/stm32l0xx_hal_pwr_ex.o
LOAD Drivers/STM32L0xx_HAL_Driver/Src/stm32l0xx_hal_rcc.o
LOAD Drivers/STM32L0xx_HAL_Driver/Src/stm32l0xx_hal_rcc_ex.o
LOAD Drivers/STM32L0xx_HAL_Driver/Src/stm32l0xx_hal_rtc.o
LOAD Drivers/STM32L0xx_HAL_Driver/Src/stm32l0xx_hal_rtc_ex.o
LOAD Drivers/STM32L0xx_HAL_Driver/Src/stm32l0xx_hal_tim.o
LOAD Drivers/STM32L0xx_HAL_Driver/Src/stm32l0xx_hal_tim_ex.o
LOAD Drivers/STM32L0xx_HAL_Driver/Src/stm32l0xx_hal_uart.o
LOAD Drivers/STM32L0xx_HAL_Driver/Src/stm32l0xx_hal_uart_ex.o
LOAD Drivers/STM32L0xx_HAL_Driver/Src/stm32l0xx_ll_usb.o
LOAD Middlewares/ST/STM32_USB_Device_Library/Class/CDC/Src/usbd_cdc.o
LOAD Middlewares/ST/STM32_USB_Device_Library/Core/Src/usbd_core.o
LOAD Middlewares/ST/STM32_USB_Device_Library/Core/Src/usbd_ctlreq.o
LOAD Middlewares/ST/STM32_USB_Device_Library/Core/Src/usbd_ioreq.o
LOAD USB_DEVICE/App/usb_device.o
LOAD USB_DEVICE/App/usbd_cdc_if.o
LOAD USB_DEVICE/App/usbd_desc.o
LOAD USB_DEVICE/Target/usbd_conf.o
START GROUP
LOAD c:/st/stm32cubeide_1.2.0/stm32cubeide/plugins/com.st.stm32cube.ide.mcu.externaltools.gnu-tools-for-stm32.7-2018-q2-update.win32_1.0.0.201904181610/tools/bin/../lib/gcc/arm-none-eabi/7.3.1/../../../../arm-none-eabi/lib/thumb/v6-m\libstdc++_nano.a
LOAD c:/st/stm32cubeide_1.2.0/stm32cubeide/plugins/com.st.stm32cube.ide.mcu.externaltools.gnu-tools-for-stm32.7-2018-q2-update.win32_1.0.0.201904181610/tools/bin/../lib/gcc/arm-none-eabi/7.3.1/../../../../arm-none-eabi/lib/thumb/v6-m\libsupc++_nano.a
END GROUP
LOAD c:/st/stm32cubeide_1.2.0/stm32cubeide/plugins/com.st.stm32cube.ide.mcu.externaltools.gnu-tools-for-stm32.7-2018-q2-update.win32_1.0.0.201904181610/tools/bin/../lib/gcc/arm-none-eabi/7.3.1/../../../../arm-none-eabi/lib/thumb/v6-m\libstdc++_nano.a
LOAD c:/st/stm32cubeide_1.2.0/stm32cubeide/plugins/com.st.stm32cube.ide.mcu.externaltools.gnu-tools-for-stm32.7-2018-q2-update.win32_1.0.0.201904181610/tools/bin/../lib/gcc/arm-none-eabi/7.3.1/../../../../arm-none-eabi/lib/thumb/v6-m\libm.a
LOAD c:/st/stm32cubeide_1.2.0/stm32cubeide/plugins/com.st.stm32cube.ide.mcu.externaltools.gnu-tools-for-stm32.7-2018-q2-update.win32_1.0.0.201904181610/tools/bin/../lib/gcc/arm-none-eabi/7.3.1/../../../../arm-none-eabi/lib/thumb/v6-m\libc_nano.a
START GROUP
LOAD c:/st/stm32cubeide_1.2.0/stm32cubeide/plugins/com.st.stm32cube.ide.mcu.externaltools.gnu-tools-for-stm32.7-2018-q2-update.win32_1.0.0.201904181610/tools/bin/../lib/gcc/arm-none-eabi/7.3.1/thumb/v6-m\libgcc.a
LOAD c:/st/stm32cubeide_1.2.0/stm32cubeide/plugins/com.st.stm32cube.ide.mcu.externaltools.gnu-tools-for-stm32.7-2018-q2-update.win32_1.0.0.201904181610/tools/bin/../lib/gcc/arm-none-eabi/7.3.1/../../../../arm-none-eabi/lib/thumb/v6-m\libc_nano.a
END GROUP
START GROUP
LOAD c:/st/stm32cubeide_1.2.0/stm32cubeide/plugins/com.st.stm32cube.ide.mcu.externaltools.gnu-tools-for-stm32.7-2018-q2-update.win32_1.0.0.201904181610/tools/bin/../lib/gcc/arm-none-eabi/7.3.1/thumb/v6-m\libgcc.a
LOAD c:/st/stm32cubeide_1.2.0/stm32cubeide/plugins/com.st.stm32cube.ide.mcu.externaltools.gnu-tools-for-stm32.7-2018-q2-update.win32_1.0.0.201904181610/tools/bin/../lib/gcc/arm-none-eabi/7.3.1/../../../../arm-none-eabi/lib/thumb/v6-m\libc_nano.a
LOAD c:/st/stm32cubeide_1.2.0/stm32cubeide/plugins/com.st.stm32cube.ide.mcu.externaltools.gnu-tools-for-stm32.7-2018-q2-update.win32_1.0.0.201904181610/tools/bin/../lib/gcc/arm-none-eabi/7.3.1/../../../../arm-none-eabi/lib/thumb/v6-m\libnosys.a
END GROUP
START GROUP
LOAD c:/st/stm32cubeide_1.2.0/stm32cubeide/plugins/com.st.stm32cube.ide.mcu.externaltools.gnu-tools-for-stm32.7-2018-q2-update.win32_1.0.0.201904181610/tools/bin/../lib/gcc/arm-none-eabi/7.3.1/thumb/v6-m\libgcc.a
LOAD c:/st/stm32cubeide_1.2.0/stm32cubeide/plugins/com.st.stm32cube.ide.mcu.externaltools.gnu-tools-for-stm32.7-2018-q2-update.win32_1.0.0.201904181610/tools/bin/../lib/gcc/arm-none-eabi/7.3.1/../../../../arm-none-eabi/lib/thumb/v6-m\libc_nano.a
LOAD c:/st/stm32cubeide_1.2.0/stm32cubeide/plugins/com.st.stm32cube.ide.mcu.externaltools.gnu-tools-for-stm32.7-2018-q2-update.win32_1.0.0.201904181610/tools/bin/../lib/gcc/arm-none-eabi/7.3.1/../../../../arm-none-eabi/lib/thumb/v6-m\libnosys.a
END GROUP
LOAD c:/st/stm32cubeide_1.2.0/stm32cubeide/plugins/com.st.stm32cube.ide.mcu.externaltools.gnu-tools-for-stm32.7-2018-q2-update.win32_1.0.0.201904181610/tools/bin/../lib/gcc/arm-none-eabi/7.3.1/thumb/v6-m/crtend.o
LOAD c:/st/stm32cubeide_1.2.0/stm32cubeide/plugins/com.st.stm32cube.ide.mcu.externaltools.gnu-tools-for-stm32.7-2018-q2-update.win32_1.0.0.201904181610/tools/bin/../lib/gcc/arm-none-eabi/7.3.1/thumb/v6-m/crtn.o
                0x0000000020002000                _estack = (ORIGIN (RAM) + LENGTH (RAM))
                0x0000000000000200                _Min_Heap_Size = 0x200
                0x0000000000000400                _Min_Stack_Size = 0x400

.isr_vector     0x0000000008000000       0xc0
                0x0000000008000000                . = ALIGN (0x4)
 *(.isr_vector)
 .isr_vector    0x0000000008000000       0xc0 Core/Startup/startup_stm32l052k8tx.o
                0x0000000008000000                g_pfnVectors
                0x00000000080000c0                . = ALIGN (0x4)

.text           0x00000000080000c0     0x80c4
                0x00000000080000c0                . = ALIGN (0x4)
 *(.text)
 .text          0x00000000080000c0       0x48 c:/st/stm32cubeide_1.2.0/stm32cubeide/plugins/com.st.stm32cube.ide.mcu.externaltools.gnu-tools-for-stm32.7-2018-q2-update.win32_1.0.0.201904181610/tools/bin/../lib/gcc/arm-none-eabi/7.3.1/thumb/v6-m/crtbegin.o
 .text          0x0000000008000108      0x114 c:/st/stm32cubeide_1.2.0/stm32cubeide/plugins/com.st.stm32cube.ide.mcu.externaltools.gnu-tools-for-stm32.7-2018-q2-update.win32_1.0.0.201904181610/tools/bin/../lib/gcc/arm-none-eabi/7.3.1/thumb/v6-m\libgcc.a(_udivsi3.o)
                0x0000000008000108                __aeabi_uidiv
                0x0000000008000108                __udivsi3
                0x0000000008000214                __aeabi_uidivmod
 .text          0x000000000800021c        0x4 c:/st/stm32cubeide_1.2.0/stm32cubeide/plugins/com.st.stm32cube.ide.mcu.externaltools.gnu-tools-for-stm32.7-2018-q2-update.win32_1.0.0.201904181610/tools/bin/../lib/gcc/arm-none-eabi/7.3.1/thumb/v6-m\libgcc.a(_dvmd_tls.o)
                0x000000000800021c                __aeabi_idiv0
                0x000000000800021c                __aeabi_ldiv0
 .text          0x0000000008000220       0x40 c:/st/stm32cubeide_1.2.0/stm32cubeide/plugins/com.st.stm32cube.ide.mcu.externaltools.gnu-tools-for-stm32.7-2018-q2-update.win32_1.0.0.201904181610/tools/bin/../lib/gcc/arm-none-eabi/7.3.1/thumb/v6-m\libgcc.a(_aeabi_uldivmod.o)
                0x0000000008000220                __aeabi_uldivmod
 .text          0x0000000008000260      0x184 c:/st/stm32cubeide_1.2.0/stm32cubeide/plugins/com.st.stm32cube.ide.mcu.externaltools.gnu-tools-for-stm32.7-2018-q2-update.win32_1.0.0.201904181610/tools/bin/../lib/gcc/arm-none-eabi/7.3.1/thumb/v6-m\libgcc.a(_udivmoddi4.o)
                0x0000000008000260                __udivmoddi4
 .text          0x00000000080003e4       0x18 c:/st/stm32cubeide_1.2.0/stm32cubeide/plugins/com.st.stm32cube.ide.mcu.externaltools.gnu-tools-for-stm32.7-2018-q2-update.win32_1.0.0.201904181610/tools/bin/../lib/gcc/arm-none-eabi/7.3.1/thumb/v6-m\libgcc.a(_clzdi2.o)
                0x00000000080003e4                __clzdi2
 .text          0x00000000080003fc       0x3c c:/st/stm32cubeide_1.2.0/stm32cubeide/plugins/com.st.stm32cube.ide.mcu.externaltools.gnu-tools-for-stm32.7-2018-q2-update.win32_1.0.0.201904181610/tools/bin/../lib/gcc/arm-none-eabi/7.3.1/thumb/v6-m\libgcc.a(_clzsi2.o)
                0x00000000080003fc                __clzsi2
 *(.text*)
 .text.delay_us
                0x0000000008000438       0x38 Core/Src/Remote.o
                0x0000000008000438                delay_us
 .text.sendStart
                0x0000000008000470       0x5c Core/Src/Remote.o
                0x0000000008000470                sendStart
 .text.sendData
                0x00000000080004cc       0x9c Core/Src/Remote.o
                0x00000000080004cc                sendData
 .text.sendStop
                0x0000000008000568       0x50 Core/Src/Remote.o
                0x0000000008000568                sendStop
 .text.main     0x00000000080005b8       0x4c Core/Src/main.o
                0x00000000080005b8                main
 .text.SystemClock_Config
                0x0000000008000604      0x100 Core/Src/main.o
                0x0000000008000604                SystemClock_Config
 .text.MX_RTC_Init
                0x0000000008000704       0xc8 Core/Src/main.o
 .text.MX_TIM2_Init
                0x00000000080007cc       0xfc Core/Src/main.o
 .text.MX_TIM6_Init
                0x00000000080008c8       0x88 Core/Src/main.o
 .text.MX_USART1_UART_Init
                0x0000000008000950       0x60 Core/Src/main.o
 .text.MX_GPIO_Init
                0x00000000080009b0      0x180 Core/Src/main.o
 .text.Error_Handler
                0x0000000008000b30        0xa Core/Src/main.o
                0x0000000008000b30                Error_Handler
 *fill*         0x0000000008000b3a        0x2 
 .text.HAL_MspInit
                0x0000000008000b3c       0x28 Core/Src/stm32l0xx_hal_msp.o
                0x0000000008000b3c                HAL_MspInit
 .text.HAL_RTC_MspInit
                0x0000000008000b64       0x30 Core/Src/stm32l0xx_hal_msp.o
                0x0000000008000b64                HAL_RTC_MspInit
 .text.HAL_TIM_Base_MspInit
                0x0000000008000b94       0x48 Core/Src/stm32l0xx_hal_msp.o
                0x0000000008000b94                HAL_TIM_Base_MspInit
 .text.HAL_TIM_MspPostInit
                0x0000000008000bdc       0x78 Core/Src/stm32l0xx_hal_msp.o
                0x0000000008000bdc                HAL_TIM_MspPostInit
 .text.HAL_UART_MspInit
                0x0000000008000c54       0x88 Core/Src/stm32l0xx_hal_msp.o
                0x0000000008000c54                HAL_UART_MspInit
 .text.NMI_Handler
                0x0000000008000cdc        0xa Core/Src/stm32l0xx_it.o
                0x0000000008000cdc                NMI_Handler
 .text.HardFault_Handler
                0x0000000008000ce6        0x6 Core/Src/stm32l0xx_it.o
                0x0000000008000ce6                HardFault_Handler
 .text.SVC_Handler
                0x0000000008000cec        0xa Core/Src/stm32l0xx_it.o
                0x0000000008000cec                SVC_Handler
 .text.PendSV_Handler
                0x0000000008000cf6        0xa Core/Src/stm32l0xx_it.o
                0x0000000008000cf6                PendSV_Handler
 .text.SysTick_Handler
                0x0000000008000d00        0xe Core/Src/stm32l0xx_it.o
                0x0000000008000d00                SysTick_Handler
 .text.EXTI0_1_IRQHandler
                0x0000000008000d0e       0x16 Core/Src/stm32l0xx_it.o
                0x0000000008000d0e                EXTI0_1_IRQHandler
 .text.EXTI2_3_IRQHandler
                0x0000000008000d24       0x16 Core/Src/stm32l0xx_it.o
                0x0000000008000d24                EXTI2_3_IRQHandler
 .text.EXTI4_15_IRQHandler
                0x0000000008000d3a       0x40 Core/Src/stm32l0xx_it.o
                0x0000000008000d3a                EXTI4_15_IRQHandler
 *fill*         0x0000000008000d7a        0x2 
 .text.USB_IRQHandler
                0x0000000008000d7c       0x18 Core/Src/stm32l0xx_it.o
                0x0000000008000d7c                USB_IRQHandler
 .text.HAL_GPIO_EXTI_Callback
                0x0000000008000d94      0x100 Core/Src/stm32l0xx_it.o
                0x0000000008000d94                HAL_GPIO_EXTI_Callback
 .text.SystemInit
                0x0000000008000e94       0x7c Core/Src/system_stm32l0xx.o
                0x0000000008000e94                SystemInit
 .text.Reset_Handler
                0x0000000008000f10       0x50 Core/Startup/startup_stm32l052k8tx.o
                0x0000000008000f10                Reset_Handler
 .text.Default_Handler
                0x0000000008000f60        0x2 Core/Startup/startup_stm32l052k8tx.o
                0x0000000008000f60                TSC_IRQHandler
                0x0000000008000f60                ADC1_COMP_IRQHandler
                0x0000000008000f60                PVD_IRQHandler
                0x0000000008000f60                I2C1_IRQHandler
                0x0000000008000f60                RCC_CRS_IRQHandler
                0x0000000008000f60                SPI1_IRQHandler
                0x0000000008000f60                TIM6_DAC_IRQHandler
                0x0000000008000f60                I2C2_IRQHandler
                0x0000000008000f60                RTC_IRQHandler
                0x0000000008000f60                DMA1_Channel4_5_6_7_IRQHandler
                0x0000000008000f60                DMA1_Channel1_IRQHandler
                0x0000000008000f60                Default_Handler
                0x0000000008000f60                TIM22_IRQHandler
                0x0000000008000f60                SPI2_IRQHandler
                0x0000000008000f60                TIM21_IRQHandler
                0x0000000008000f60                WWDG_IRQHandler
                0x0000000008000f60                TIM2_IRQHandler
                0x0000000008000f60                DMA1_Channel2_3_IRQHandler
                0x0000000008000f60                USART2_IRQHandler
                0x0000000008000f60                FLASH_IRQHandler
                0x0000000008000f60                USART1_IRQHandler
                0x0000000008000f60                RNG_LPUART1_IRQHandler
                0x0000000008000f60                LPTIM1_IRQHandler
 *fill*         0x0000000008000f62        0x2 
 .text.HAL_Init
                0x0000000008000f64       0x40 Drivers/STM32L0xx_HAL_Driver/Src/stm32l0xx_hal.o
                0x0000000008000f64                HAL_Init
 .text.HAL_InitTick
                0x0000000008000fa4       0x54 Drivers/STM32L0xx_HAL_Driver/Src/stm32l0xx_hal.o
                0x0000000008000fa4                HAL_InitTick
 .text.HAL_IncTick
                0x0000000008000ff8       0x18 Drivers/STM32L0xx_HAL_Driver/Src/stm32l0xx_hal.o
                0x0000000008000ff8                HAL_IncTick
 .text.HAL_GetTick
                0x0000000008001010       0x14 Drivers/STM32L0xx_HAL_Driver/Src/stm32l0xx_hal.o
                0x0000000008001010                HAL_GetTick
 .text.HAL_Delay
                0x0000000008001024       0x3a Drivers/STM32L0xx_HAL_Driver/Src/stm32l0xx_hal.o
                0x0000000008001024                HAL_Delay
 *fill*         0x000000000800105e        0x2 
 .text.NVIC_EnableIRQ
                0x0000000008001060       0x2c Drivers/STM32L0xx_HAL_Driver/Src/stm32l0xx_hal_cortex.o
 .text.NVIC_SetPriority
                0x000000000800108c       0xdc Drivers/STM32L0xx_HAL_Driver/Src/stm32l0xx_hal_cortex.o
 .text.SysTick_Config
                0x0000000008001168       0x48 Drivers/STM32L0xx_HAL_Driver/Src/stm32l0xx_hal_cortex.o
 .text.HAL_NVIC_SetPriority
                0x00000000080011b0       0x2a Drivers/STM32L0xx_HAL_Driver/Src/stm32l0xx_hal_cortex.o
                0x00000000080011b0                HAL_NVIC_SetPriority
 .text.HAL_NVIC_EnableIRQ
                0x00000000080011da       0x20 Drivers/STM32L0xx_HAL_Driver/Src/stm32l0xx_hal_cortex.o
                0x00000000080011da                HAL_NVIC_EnableIRQ
 .text.HAL_SYSTICK_Config
                0x00000000080011fa       0x1a Drivers/STM32L0xx_HAL_Driver/Src/stm32l0xx_hal_cortex.o
                0x00000000080011fa                HAL_SYSTICK_Config
 .text.HAL_GPIO_Init
                0x0000000008001214      0x2ec Drivers/STM32L0xx_HAL_Driver/Src/stm32l0xx_hal_gpio.o
                0x0000000008001214                HAL_GPIO_Init
 .text.HAL_GPIO_WritePin
                0x0000000008001500       0x3a Drivers/STM32L0xx_HAL_Driver/Src/stm32l0xx_hal_gpio.o
                0x0000000008001500                HAL_GPIO_WritePin
 .text.HAL_GPIO_TogglePin
                0x000000000800153a       0x24 Drivers/STM32L0xx_HAL_Driver/Src/stm32l0xx_hal_gpio.o
                0x000000000800153a                HAL_GPIO_TogglePin
 *fill*         0x000000000800155e        0x2 
 .text.HAL_GPIO_EXTI_IRQHandler
                0x0000000008001560       0x38 Drivers/STM32L0xx_HAL_Driver/Src/stm32l0xx_hal_gpio.o
                0x0000000008001560                HAL_GPIO_EXTI_IRQHandler
 .text.HAL_PCD_Init
                0x0000000008001598      0x1e8 Drivers/STM32L0xx_HAL_Driver/Src/stm32l0xx_hal_pcd.o
                0x0000000008001598                HAL_PCD_Init
 .text.HAL_PCD_Start
                0x0000000008001780       0x4a Drivers/STM32L0xx_HAL_Driver/Src/stm32l0xx_hal_pcd.o
                0x0000000008001780                HAL_PCD_Start
 *fill*         0x00000000080017ca        0x2 
 .text.HAL_PCD_IRQHandler
                0x00000000080017cc      0x310 Drivers/STM32L0xx_HAL_Driver/Src/stm32l0xx_hal_pcd.o
                0x00000000080017cc                HAL_PCD_IRQHandler
 .text.HAL_PCD_SetAddress
                0x0000000008001adc       0x56 Drivers/STM32L0xx_HAL_Driver/Src/stm32l0xx_hal_pcd.o
                0x0000000008001adc                HAL_PCD_SetAddress
 .text.HAL_PCD_EP_Open
                0x0000000008001b32       0xe4 Drivers/STM32L0xx_HAL_Driver/Src/stm32l0xx_hal_pcd.o
                0x0000000008001b32                HAL_PCD_EP_Open
 .text.HAL_PCD_EP_Close
                0x0000000008001c16       0x96 Drivers/STM32L0xx_HAL_Driver/Src/stm32l0xx_hal_pcd.o
                0x0000000008001c16                HAL_PCD_EP_Close
 .text.HAL_PCD_EP_Receive
                0x0000000008001cac       0x82 Drivers/STM32L0xx_HAL_Driver/Src/stm32l0xx_hal_pcd.o
                0x0000000008001cac                HAL_PCD_EP_Receive
 .text.HAL_PCD_EP_GetRxCount
                0x0000000008001d2e       0x2a Drivers/STM32L0xx_HAL_Driver/Src/stm32l0xx_hal_pcd.o
                0x0000000008001d2e                HAL_PCD_EP_GetRxCount
 .text.HAL_PCD_EP_Transmit
                0x0000000008001d58       0x80 Drivers/STM32L0xx_HAL_Driver/Src/stm32l0xx_hal_pcd.o
                0x0000000008001d58                HAL_PCD_EP_Transmit
 .text.HAL_PCD_EP_SetStall
                0x0000000008001dd8       0xcc Drivers/STM32L0xx_HAL_Driver/Src/stm32l0xx_hal_pcd.o
                0x0000000008001dd8                HAL_PCD_EP_SetStall
 .text.HAL_PCD_EP_ClrStall
                0x0000000008001ea4       0xb0 Drivers/STM32L0xx_HAL_Driver/Src/stm32l0xx_hal_pcd.o
                0x0000000008001ea4                HAL_PCD_EP_ClrStall
 .text.PCD_EP_ISR_Handler
                0x0000000008001f54      0x590 Drivers/STM32L0xx_HAL_Driver/Src/stm32l0xx_hal_pcd.o
 .text.HAL_PCDEx_PMAConfig
                0x00000000080024e4       0x90 Drivers/STM32L0xx_HAL_Driver/Src/stm32l0xx_hal_pcd_ex.o
                0x00000000080024e4                HAL_PCDEx_PMAConfig
 .text.HAL_PCDEx_ActivateBCD
                0x0000000008002574       0x4a Drivers/STM32L0xx_HAL_Driver/Src/stm32l0xx_hal_pcd_ex.o
                0x0000000008002574                HAL_PCDEx_ActivateBCD
 .text.HAL_PCDEx_ActivateLPM
                0x00000000080025be       0x54 Drivers/STM32L0xx_HAL_Driver/Src/stm32l0xx_hal_pcd_ex.o
                0x00000000080025be                HAL_PCDEx_ActivateLPM
 .text.HAL_PCDEx_LPM_Callback
                0x0000000008002612       0x16 Drivers/STM32L0xx_HAL_Driver/Src/stm32l0xx_hal_pcd_ex.o
                0x0000000008002612                HAL_PCDEx_LPM_Callback
 .text.HAL_RCC_OscConfig
                0x0000000008002628      0x780 Drivers/STM32L0xx_HAL_Driver/Src/stm32l0xx_hal_rcc.o
                0x0000000008002628                HAL_RCC_OscConfig
 .text.HAL_RCC_ClockConfig
                0x0000000008002da8      0x254 Drivers/STM32L0xx_HAL_Driver/Src/stm32l0xx_hal_rcc.o
                0x0000000008002da8                HAL_RCC_ClockConfig
 .text.HAL_RCC_GetSysClockFreq
                0x0000000008002ffc      0x108 Drivers/STM32L0xx_HAL_Driver/Src/stm32l0xx_hal_rcc.o
                0x0000000008002ffc                HAL_RCC_GetSysClockFreq
 .text.HAL_RCC_GetHCLKFreq
                0x0000000008003104       0x14 Drivers/STM32L0xx_HAL_Driver/Src/stm32l0xx_hal_rcc.o
                0x0000000008003104                HAL_RCC_GetHCLKFreq
 .text.HAL_RCC_GetPCLK1Freq
                0x0000000008003118       0x2c Drivers/STM32L0xx_HAL_Driver/Src/stm32l0xx_hal_rcc.o
                0x0000000008003118                HAL_RCC_GetPCLK1Freq
 .text.HAL_RCC_GetPCLK2Freq
                0x0000000008003144       0x2c Drivers/STM32L0xx_HAL_Driver/Src/stm32l0xx_hal_rcc.o
                0x0000000008003144                HAL_RCC_GetPCLK2Freq
 .text.HAL_RCCEx_PeriphCLKConfig
                0x0000000008003170      0x290 Drivers/STM32L0xx_HAL_Driver/Src/stm32l0xx_hal_rcc_ex.o
                0x0000000008003170                HAL_RCCEx_PeriphCLKConfig
 .text.HAL_RTC_Init
                0x0000000008003400      0x13c Drivers/STM32L0xx_HAL_Driver/Src/stm32l0xx_hal_rtc.o
                0x0000000008003400                HAL_RTC_Init
 .text.HAL_RTC_SetTime
                0x000000000800353c      0x188 Drivers/STM32L0xx_HAL_Driver/Src/stm32l0xx_hal_rtc.o
                0x000000000800353c                HAL_RTC_SetTime
 .text.HAL_RTC_SetDate
                0x00000000080036c4      0x15c Drivers/STM32L0xx_HAL_Driver/Src/stm32l0xx_hal_rtc.o
                0x00000000080036c4                HAL_RTC_SetDate
 .text.HAL_RTC_WaitForSynchro
                0x0000000008003820       0x4e Drivers/STM32L0xx_HAL_Driver/Src/stm32l0xx_hal_rtc.o
                0x0000000008003820                HAL_RTC_WaitForSynchro
 .text.RTC_EnterInitMode
                0x000000000800386e       0x54 Drivers/STM32L0xx_HAL_Driver/Src/stm32l0xx_hal_rtc.o
                0x000000000800386e                RTC_EnterInitMode
 .text.RTC_ByteToBcd2
                0x00000000080038c2       0x52 Drivers/STM32L0xx_HAL_Driver/Src/stm32l0xx_hal_rtc.o
                0x00000000080038c2                RTC_ByteToBcd2
 .text.HAL_TIM_Base_Init
                0x0000000008003914       0x58 Drivers/STM32L0xx_HAL_Driver/Src/stm32l0xx_hal_tim.o
                0x0000000008003914                HAL_TIM_Base_Init
 .text.HAL_TIM_PWM_Init
                0x000000000800396c       0x58 Drivers/STM32L0xx_HAL_Driver/Src/stm32l0xx_hal_tim.o
                0x000000000800396c                HAL_TIM_PWM_Init
 .text.HAL_TIM_PWM_MspInit
                0x00000000080039c4       0x10 Drivers/STM32L0xx_HAL_Driver/Src/stm32l0xx_hal_tim.o
                0x00000000080039c4                HAL_TIM_PWM_MspInit
 .text.HAL_TIM_PWM_Start
                0x00000000080039d4       0x44 Drivers/STM32L0xx_HAL_Driver/Src/stm32l0xx_hal_tim.o
                0x00000000080039d4                HAL_TIM_PWM_Start
 .text.HAL_TIM_PWM_Stop
                0x0000000008003a18       0x4c Drivers/STM32L0xx_HAL_Driver/Src/stm32l0xx_hal_tim.o
                0x0000000008003a18                HAL_TIM_PWM_Stop
 .text.HAL_TIM_OnePulse_Init
                0x0000000008003a64       0x7a Drivers/STM32L0xx_HAL_Driver/Src/stm32l0xx_hal_tim.o
                0x0000000008003a64                HAL_TIM_OnePulse_Init
 .text.HAL_TIM_OnePulse_MspInit
                0x0000000008003ade       0x10 Drivers/STM32L0xx_HAL_Driver/Src/stm32l0xx_hal_tim.o
                0x0000000008003ade                HAL_TIM_OnePulse_MspInit
 *fill*         0x0000000008003aee        0x2 
 .text.HAL_TIM_PWM_ConfigChannel
                0x0000000008003af0      0x170 Drivers/STM32L0xx_HAL_Driver/Src/stm32l0xx_hal_tim.o
                0x0000000008003af0                HAL_TIM_PWM_ConfigChannel
 .text.HAL_TIM_ConfigClockSource
                0x0000000008003c60      0x17c Drivers/STM32L0xx_HAL_Driver/Src/stm32l0xx_hal_tim.o
                0x0000000008003c60                HAL_TIM_ConfigClockSource
 .text.TIM_Base_SetConfig
                0x0000000008003ddc       0xa8 Drivers/STM32L0xx_HAL_Driver/Src/stm32l0xx_hal_tim.o
 .text.TIM_OC1_SetConfig
                0x0000000008003e84       0x78 Drivers/STM32L0xx_HAL_Driver/Src/stm32l0xx_hal_tim.o
 .text.TIM_OC2_SetConfig
                0x0000000008003efc       0x84 Drivers/STM32L0xx_HAL_Driver/Src/stm32l0xx_hal_tim.o
 .text.TIM_OC3_SetConfig
                0x0000000008003f80       0x80 Drivers/STM32L0xx_HAL_Driver/Src/stm32l0xx_hal_tim.o
 .text.TIM_OC4_SetConfig
                0x0000000008004000       0x8c Drivers/STM32L0xx_HAL_Driver/Src/stm32l0xx_hal_tim.o
 .text.TIM_TI1_ConfigInputStage
                0x000000000800408c       0x5c Drivers/STM32L0xx_HAL_Driver/Src/stm32l0xx_hal_tim.o
 .text.TIM_TI2_ConfigInputStage
                0x00000000080040e8       0x64 Drivers/STM32L0xx_HAL_Driver/Src/stm32l0xx_hal_tim.o
 .text.TIM_ITRx_SetConfig
                0x000000000800414c       0x32 Drivers/STM32L0xx_HAL_Driver/Src/stm32l0xx_hal_tim.o
 *fill*         0x000000000800417e        0x2 
 .text.TIM_ETR_SetConfig
                0x0000000008004180       0x40 Drivers/STM32L0xx_HAL_Driver/Src/stm32l0xx_hal_tim.o
 .text.TIM_CCxChannelCmd
                0x00000000080041c0       0x46 Drivers/STM32L0xx_HAL_Driver/Src/stm32l0xx_hal_tim.o
 .text.HAL_TIMEx_MasterConfigSynchronization
                0x0000000008004206       0x86 Drivers/STM32L0xx_HAL_Driver/Src/stm32l0xx_hal_tim_ex.o
                0x0000000008004206                HAL_TIMEx_MasterConfigSynchronization
 .text.HAL_UART_Init
                0x000000000800428c       0xa8 Drivers/STM32L0xx_HAL_Driver/Src/stm32l0xx_hal_uart.o
                0x000000000800428c                HAL_UART_Init
 .text.UART_SetConfig
                0x0000000008004334      0x630 Drivers/STM32L0xx_HAL_Driver/Src/stm32l0xx_hal_uart.o
                0x0000000008004334                UART_SetConfig
 .text.UART_AdvFeatureConfig
                0x0000000008004964      0x168 Drivers/STM32L0xx_HAL_Driver/Src/stm32l0xx_hal_uart.o
                0x0000000008004964                UART_AdvFeatureConfig
 .text.UART_CheckIdleState
                0x0000000008004acc       0x8c Drivers/STM32L0xx_HAL_Driver/Src/stm32l0xx_hal_uart.o
                0x0000000008004acc                UART_CheckIdleState
 .text.UART_WaitOnFlagUntilTimeout
                0x0000000008004b58       0x94 Drivers/STM32L0xx_HAL_Driver/Src/stm32l0xx_hal_uart.o
                0x0000000008004b58                UART_WaitOnFlagUntilTimeout
 .text.USB_EnableGlobalInt
                0x0000000008004bec       0x34 Drivers/STM32L0xx_HAL_Driver/Src/stm32l0xx_ll_usb.o
                0x0000000008004bec                USB_EnableGlobalInt
 .text.USB_DisableGlobalInt
                0x0000000008004c20       0x40 Drivers/STM32L0xx_HAL_Driver/Src/stm32l0xx_ll_usb.o
                0x0000000008004c20                USB_DisableGlobalInt
 .text.USB_DevInit
                0x0000000008004c60       0x60 Drivers/STM32L0xx_HAL_Driver/Src/stm32l0xx_ll_usb.o
                0x0000000008004c60                USB_DevInit
 .text.USB_ActivateEndpoint
                0x0000000008004cc0      0x5e0 Drivers/STM32L0xx_HAL_Driver/Src/stm32l0xx_ll_usb.o
                0x0000000008004cc0                USB_ActivateEndpoint
 .text.USB_DeactivateEndpoint
                0x00000000080052a0      0x2ec Drivers/STM32L0xx_HAL_Driver/Src/stm32l0xx_ll_usb.o
                0x00000000080052a0                USB_DeactivateEndpoint
 .text.USB_EPStartXfer
                0x000000000800558c      0x560 Drivers/STM32L0xx_HAL_Driver/Src/stm32l0xx_ll_usb.o
                0x000000000800558c                USB_EPStartXfer
 .text.USB_EPSetStall
                0x0000000008005aec       0x84 Drivers/STM32L0xx_HAL_Driver/Src/stm32l0xx_ll_usb.o
                0x0000000008005aec                USB_EPSetStall
 .text.USB_EPClearStall
                0x0000000008005b70      0x118 Drivers/STM32L0xx_HAL_Driver/Src/stm32l0xx_ll_usb.o
                0x0000000008005b70                USB_EPClearStall
 .text.USB_SetDevAddress
                0x0000000008005c88       0x28 Drivers/STM32L0xx_HAL_Driver/Src/stm32l0xx_ll_usb.o
                0x0000000008005c88                USB_SetDevAddress
 .text.USB_DevConnect
                0x0000000008005cb0       0x2c Drivers/STM32L0xx_HAL_Driver/Src/stm32l0xx_ll_usb.o
                0x0000000008005cb0                USB_DevConnect
 .text.USB_ReadInterrupts
                0x0000000008005cdc       0x1c Drivers/STM32L0xx_HAL_Driver/Src/stm32l0xx_ll_usb.o
                0x0000000008005cdc                USB_ReadInterrupts
 .text.USB_EP0_OutStart
                0x0000000008005cf8       0x14 Drivers/STM32L0xx_HAL_Driver/Src/stm32l0xx_ll_usb.o
                0x0000000008005cf8                USB_EP0_OutStart
 .text.USB_WritePMA
                0x0000000008005d0c       0x86 Drivers/STM32L0xx_HAL_Driver/Src/stm32l0xx_ll_usb.o
                0x0000000008005d0c                USB_WritePMA
 .text.USB_ReadPMA
                0x0000000008005d92       0x9a Drivers/STM32L0xx_HAL_Driver/Src/stm32l0xx_ll_usb.o
                0x0000000008005d92                USB_ReadPMA
 .text.USBD_CDC_Init
                0x0000000008005e2c      0x118 Middlewares/ST/STM32_USB_Device_Library/Class/CDC/Src/usbd_cdc.o
 .text.USBD_CDC_DeInit
                0x0000000008005f44       0x88 Middlewares/ST/STM32_USB_Device_Library/Class/CDC/Src/usbd_cdc.o
 .text.USBD_CDC_Setup
                0x0000000008005fcc      0x18c Middlewares/ST/STM32_USB_Device_Library/Class/CDC/Src/usbd_cdc.o
 .text.USBD_CDC_DataIn
                0x0000000008006158       0xb0 Middlewares/ST/STM32_USB_Device_Library/Class/CDC/Src/usbd_cdc.o
 .text.USBD_CDC_DataOut
                0x0000000008006208       0x6a Middlewares/ST/STM32_USB_Device_Library/Class/CDC/Src/usbd_cdc.o
 *fill*         0x0000000008006272        0x2 
 .text.USBD_CDC_EP0_RxReady
                0x0000000008006274       0x64 Middlewares/ST/STM32_USB_Device_Library/Class/CDC/Src/usbd_cdc.o
 .text.USBD_CDC_GetFSCfgDesc
                0x00000000080062d8       0x1c Middlewares/ST/STM32_USB_Device_Library/Class/CDC/Src/usbd_cdc.o
 .text.USBD_CDC_GetHSCfgDesc
                0x00000000080062f4       0x1c Middlewares/ST/STM32_USB_Device_Library/Class/CDC/Src/usbd_cdc.o
 .text.USBD_CDC_GetOtherSpeedCfgDesc
                0x0000000008006310       0x1c Middlewares/ST/STM32_USB_Device_Library/Class/CDC/Src/usbd_cdc.o
 .text.USBD_CDC_GetDeviceQualifierDescriptor
                0x000000000800632c       0x1c Middlewares/ST/STM32_USB_Device_Library/Class/CDC/Src/usbd_cdc.o
                0x000000000800632c                USBD_CDC_GetDeviceQualifierDescriptor
 .text.USBD_CDC_RegisterInterface
                0x0000000008006348       0x38 Middlewares/ST/STM32_USB_Device_Library/Class/CDC/Src/usbd_cdc.o
                0x0000000008006348                USBD_CDC_RegisterInterface
 .text.USBD_CDC_SetTxBuffer
                0x0000000008006380       0x38 Middlewares/ST/STM32_USB_Device_Library/Class/CDC/Src/usbd_cdc.o
                0x0000000008006380                USBD_CDC_SetTxBuffer
 .text.USBD_CDC_SetRxBuffer
                0x00000000080063b8       0x28 Middlewares/ST/STM32_USB_Device_Library/Class/CDC/Src/usbd_cdc.o
                0x00000000080063b8                USBD_CDC_SetRxBuffer
 .text.USBD_CDC_ReceivePacket
                0x00000000080063e0       0x5c Middlewares/ST/STM32_USB_Device_Library/Class/CDC/Src/usbd_cdc.o
                0x00000000080063e0                USBD_CDC_ReceivePacket
 .text.USBD_Init
                0x000000000800643c       0x62 Middlewares/ST/STM32_USB_Device_Library/Core/Src/usbd_core.o
                0x000000000800643c                USBD_Init
 .text.USBD_RegisterClass
                0x000000000800649e       0x42 Middlewares/ST/STM32_USB_Device_Library/Core/Src/usbd_core.o
                0x000000000800649e                USBD_RegisterClass
 .text.USBD_Start
                0x00000000080064e0       0x1a Middlewares/ST/STM32_USB_Device_Library/Core/Src/usbd_core.o
                0x00000000080064e0                USBD_Start
 .text.USBD_RunTestMode
                0x00000000080064fa       0x12 Middlewares/ST/STM32_USB_Device_Library/Core/Src/usbd_core.o
                0x00000000080064fa                USBD_RunTestMode
 .text.USBD_SetClassConfig
                0x000000000800650c       0x50 Middlewares/ST/STM32_USB_Device_Library/Core/Src/usbd_core.o
                0x000000000800650c                USBD_SetClassConfig
 .text.USBD_ClrClassConfig
                0x000000000800655c       0x2c Middlewares/ST/STM32_USB_Device_Library/Core/Src/usbd_core.o
                0x000000000800655c                USBD_ClrClassConfig
 .text.USBD_LL_SetupStage
                0x0000000008006588       0xb8 Middlewares/ST/STM32_USB_Device_Library/Core/Src/usbd_core.o
                0x0000000008006588                USBD_LL_SetupStage
 .text.USBD_LL_DataOutStage
                0x0000000008006640      0x104 Middlewares/ST/STM32_USB_Device_Library/Core/Src/usbd_core.o
                0x0000000008006640                USBD_LL_DataOutStage
 .text.USBD_LL_DataInStage
                0x0000000008006744      0x17a Middlewares/ST/STM32_USB_Device_Library/Core/Src/usbd_core.o
                0x0000000008006744                USBD_LL_DataInStage
 .text.USBD_LL_Reset
                0x00000000080068be       0x90 Middlewares/ST/STM32_USB_Device_Library/Core/Src/usbd_core.o
                0x00000000080068be                USBD_LL_Reset
 .text.USBD_LL_SetSpeed
                0x000000000800694e       0x20 Middlewares/ST/STM32_USB_Device_Library/Core/Src/usbd_core.o
                0x000000000800694e                USBD_LL_SetSpeed
 *fill*         0x000000000800696e        0x2 
 .text.USBD_LL_Suspend
                0x0000000008006970       0x30 Middlewares/ST/STM32_USB_Device_Library/Core/Src/usbd_core.o
                0x0000000008006970                USBD_LL_Suspend
 .text.USBD_LL_Resume
                0x00000000080069a0       0x24 Middlewares/ST/STM32_USB_Device_Library/Core/Src/usbd_core.o
                0x00000000080069a0                USBD_LL_Resume
 .text.USBD_LL_SOF
                0x00000000080069c4       0x3c Middlewares/ST/STM32_USB_Device_Library/Core/Src/usbd_core.o
                0x00000000080069c4                USBD_LL_SOF
 .text.USBD_StdDevReq
                0x0000000008006a00       0xe4 Middlewares/ST/STM32_USB_Device_Library/Core/Src/usbd_ctlreq.o
                0x0000000008006a00                USBD_StdDevReq
 .text.USBD_StdItfReq
                0x0000000008006ae4       0xae Middlewares/ST/STM32_USB_Device_Library/Core/Src/usbd_ctlreq.o
                0x0000000008006ae4                USBD_StdItfReq
 .text.USBD_StdEPReq
                0x0000000008006b92      0x378 Middlewares/ST/STM32_USB_Device_Library/Core/Src/usbd_ctlreq.o
                0x0000000008006b92                USBD_StdEPReq
 *fill*         0x0000000008006f0a        0x2 
 .text.USBD_GetDescriptor
                0x0000000008006f0c      0x224 Middlewares/ST/STM32_USB_Device_Library/Core/Src/usbd_ctlreq.o
 .text.USBD_SetAddress
                0x0000000008007130       0xa8 Middlewares/ST/STM32_USB_Device_Library/Core/Src/usbd_ctlreq.o
 .text.USBD_SetConfig
                0x00000000080071d8      0x148 Middlewares/ST/STM32_USB_Device_Library/Core/Src/usbd_ctlreq.o
 .text.USBD_GetConfig
                0x0000000008007320       0x74 Middlewares/ST/STM32_USB_Device_Library/Core/Src/usbd_ctlreq.o
 .text.USBD_GetStatus
                0x0000000008007394       0x74 Middlewares/ST/STM32_USB_Device_Library/Core/Src/usbd_ctlreq.o
 .text.USBD_SetFeature
                0x0000000008007408       0x2c Middlewares/ST/STM32_USB_Device_Library/Core/Src/usbd_ctlreq.o
 .text.USBD_ClrFeature
                0x0000000008007434       0x4c Middlewares/ST/STM32_USB_Device_Library/Core/Src/usbd_ctlreq.o
 .text.USBD_ParseSetupRequest
                0x0000000008007480       0x76 Middlewares/ST/STM32_USB_Device_Library/Core/Src/usbd_ctlreq.o
                0x0000000008007480                USBD_ParseSetupRequest
 .text.USBD_CtlError
                0x00000000080074f6       0x26 Middlewares/ST/STM32_USB_Device_Library/Core/Src/usbd_ctlreq.o
                0x00000000080074f6                USBD_CtlError
 .text.USBD_GetString
                0x000000000800751c       0x9e Middlewares/ST/STM32_USB_Device_Library/Core/Src/usbd_ctlreq.o
                0x000000000800751c                USBD_GetString
 .text.USBD_GetLen
                0x00000000080075ba       0x3a Middlewares/ST/STM32_USB_Device_Library/Core/Src/usbd_ctlreq.o
 .text.USBD_CtlSendData
                0x00000000080075f4       0x40 Middlewares/ST/STM32_USB_Device_Library/Core/Src/usbd_ioreq.o
                0x00000000080075f4                USBD_CtlSendData
 .text.USBD_CtlContinueSendData
                0x0000000008007634       0x26 Middlewares/ST/STM32_USB_Device_Library/Core/Src/usbd_ioreq.o
                0x0000000008007634                USBD_CtlContinueSendData
 .text.USBD_CtlPrepareRx
                0x000000000800765a       0x48 Middlewares/ST/STM32_USB_Device_Library/Core/Src/usbd_ioreq.o
                0x000000000800765a                USBD_CtlPrepareRx
 .text.USBD_CtlContinueRx
                0x00000000080076a2       0x26 Middlewares/ST/STM32_USB_Device_Library/Core/Src/usbd_ioreq.o
                0x00000000080076a2                USBD_CtlContinueRx
 .text.USBD_CtlSendStatus
                0x00000000080076c8       0x28 Middlewares/ST/STM32_USB_Device_Library/Core/Src/usbd_ioreq.o
                0x00000000080076c8                USBD_CtlSendStatus
 .text.USBD_CtlReceiveStatus
                0x00000000080076f0       0x28 Middlewares/ST/STM32_USB_Device_Library/Core/Src/usbd_ioreq.o
                0x00000000080076f0                USBD_CtlReceiveStatus
 .text.MX_USB_DEVICE_Init
                0x0000000008007718       0x68 USB_DEVICE/App/usb_device.o
                0x0000000008007718                MX_USB_DEVICE_Init
 .text.CDC_Init_FS
                0x0000000008007780       0x30 USB_DEVICE/App/usbd_cdc_if.o
 .text.CDC_DeInit_FS
                0x00000000080077b0        0xc USB_DEVICE/App/usbd_cdc_if.o
 .text.CDC_Control_FS
                0x00000000080077bc       0x38 USB_DEVICE/App/usbd_cdc_if.o
 .text.CDC_Receive_FS
                0x00000000080077f4       0x2c USB_DEVICE/App/usbd_cdc_if.o
 .text.USBD_FS_DeviceDescriptor
                0x0000000008007820       0x24 USB_DEVICE/App/usbd_desc.o
                0x0000000008007820                USBD_FS_DeviceDescriptor
 .text.USBD_FS_LangIDStrDescriptor
                0x0000000008007844       0x24 USB_DEVICE/App/usbd_desc.o
                0x0000000008007844                USBD_FS_LangIDStrDescriptor
 .text.USBD_FS_ProductStrDescriptor
                0x0000000008007868       0x44 USB_DEVICE/App/usbd_desc.o
                0x0000000008007868                USBD_FS_ProductStrDescriptor
 .text.USBD_FS_ManufacturerStrDescriptor
                0x00000000080078ac       0x2c USB_DEVICE/App/usbd_desc.o
                0x00000000080078ac                USBD_FS_ManufacturerStrDescriptor
 .text.USBD_FS_SerialStrDescriptor
                0x00000000080078d8       0x28 USB_DEVICE/App/usbd_desc.o
                0x00000000080078d8                USBD_FS_SerialStrDescriptor
 .text.USBD_FS_ConfigStrDescriptor
                0x0000000008007900       0x44 USB_DEVICE/App/usbd_desc.o
                0x0000000008007900                USBD_FS_ConfigStrDescriptor
 .text.USBD_FS_InterfaceStrDescriptor
                0x0000000008007944       0x44 USB_DEVICE/App/usbd_desc.o
                0x0000000008007944                USBD_FS_InterfaceStrDescriptor
 .text.Get_SerialNum
                0x0000000008007988       0x5c USB_DEVICE/App/usbd_desc.o
 .text.IntToUnicode
                0x00000000080079e4       0x94 USB_DEVICE/App/usbd_desc.o
 .text.HAL_PCD_MspInit
                0x0000000008007a78       0x40 USB_DEVICE/Target/usbd_conf.o
                0x0000000008007a78                HAL_PCD_MspInit
 .text.HAL_PCD_SetupStageCallback
                0x0000000008007ab8       0x2a USB_DEVICE/Target/usbd_conf.o
                0x0000000008007ab8                HAL_PCD_SetupStageCallback
 .text.HAL_PCD_DataOutStageCallback
                0x0000000008007ae2       0x3a USB_DEVICE/Target/usbd_conf.o
                0x0000000008007ae2                HAL_PCD_DataOutStageCallback
 .text.HAL_PCD_DataInStageCallback
                0x0000000008007b1c       0x36 USB_DEVICE/Target/usbd_conf.o
                0x0000000008007b1c                HAL_PCD_DataInStageCallback
 .text.HAL_PCD_SOFCallback
                0x0000000008007b52       0x1e USB_DEVICE/Target/usbd_conf.o
                0x0000000008007b52                HAL_PCD_SOFCallback
 .text.HAL_PCD_ResetCallback
                0x0000000008007b70       0x48 USB_DEVICE/Target/usbd_conf.o
                0x0000000008007b70                HAL_PCD_ResetCallback
 .text.HAL_PCD_SuspendCallback
                0x0000000008007bb8       0x38 USB_DEVICE/Target/usbd_conf.o
                0x0000000008007bb8                HAL_PCD_SuspendCallback
 .text.HAL_PCD_ResumeCallback
                0x0000000008007bf0       0x3c USB_DEVICE/Target/usbd_conf.o
                0x0000000008007bf0                HAL_PCD_ResumeCallback
 .text.USBD_LL_Init
                0x0000000008007c2c       0xc8 USB_DEVICE/Target/usbd_conf.o
                0x0000000008007c2c                USBD_LL_Init
 .text.USBD_LL_Start
                0x0000000008007cf4       0x4c USB_DEVICE/Target/usbd_conf.o
                0x0000000008007cf4                USBD_LL_Start
 .text.USBD_LL_OpenEP
                0x0000000008007d40       0x6e USB_DEVICE/Target/usbd_conf.o
                0x0000000008007d40                USBD_LL_OpenEP
 .text.USBD_LL_CloseEP
                0x0000000008007dae       0x58 USB_DEVICE/Target/usbd_conf.o
                0x0000000008007dae                USBD_LL_CloseEP
 .text.USBD_LL_StallEP
                0x0000000008007e06       0x58 USB_DEVICE/Target/usbd_conf.o
                0x0000000008007e06                USBD_LL_StallEP
 .text.USBD_LL_ClearStallEP
                0x0000000008007e5e       0x58 USB_DEVICE/Target/usbd_conf.o
                0x0000000008007e5e                USBD_LL_ClearStallEP
 .text.USBD_LL_IsStallEP
                0x0000000008007eb6       0x56 USB_DEVICE/Target/usbd_conf.o
                0x0000000008007eb6                USBD_LL_IsStallEP
 .text.USBD_LL_SetUSBAddress
                0x0000000008007f0c       0x58 USB_DEVICE/Target/usbd_conf.o
                0x0000000008007f0c                USBD_LL_SetUSBAddress
 .text.USBD_LL_Transmit
                0x0000000008007f64       0x70 USB_DEVICE/Target/usbd_conf.o
                0x0000000008007f64                USBD_LL_Transmit
 .text.USBD_LL_PrepareReceive
                0x0000000008007fd4       0x70 USB_DEVICE/Target/usbd_conf.o
                0x0000000008007fd4                USBD_LL_PrepareReceive
 .text.USBD_LL_GetRxDataSize
                0x0000000008008044       0x2c USB_DEVICE/Target/usbd_conf.o
                0x0000000008008044                USBD_LL_GetRxDataSize
 .text.USBD_static_malloc
                0x0000000008008070       0x18 USB_DEVICE/Target/usbd_conf.o
                0x0000000008008070                USBD_static_malloc
 .text.USBD_static_free
                0x0000000008008088       0x10 USB_DEVICE/Target/usbd_conf.o
                0x0000000008008088                USBD_static_free
 .text.SystemClockConfig_Resume
                0x0000000008008098        0xe USB_DEVICE/Target/usbd_conf.o
 .text.USBD_Get_USB_Status
                0x00000000080080a6       0x6e USB_DEVICE/Target/usbd_conf.o
 .text.__libc_init_array
                0x0000000008008114       0x48 c:/st/stm32cubeide_1.2.0/stm32cubeide/plugins/com.st.stm32cube.ide.mcu.externaltools.gnu-tools-for-stm32.7-2018-q2-update.win32_1.0.0.201904181610/tools/bin/../lib/gcc/arm-none-eabi/7.3.1/../../../../arm-none-eabi/lib/thumb/v6-m\libc_nano.a(lib_a-init.o)
                0x0000000008008114                __libc_init_array
 .text.memset   0x000000000800815c       0x10 c:/st/stm32cubeide_1.2.0/stm32cubeide/plugins/com.st.stm32cube.ide.mcu.externaltools.gnu-tools-for-stm32.7-2018-q2-update.win32_1.0.0.201904181610/tools/bin/../lib/gcc/arm-none-eabi/7.3.1/../../../../arm-none-eabi/lib/thumb/v6-m\libc_nano.a(lib_a-memset.o)
                0x000000000800815c                memset
 *(.glue_7)
 .glue_7        0x000000000800816c        0x0 linker stubs
 *(.glue_7t)
 .glue_7t       0x000000000800816c        0x0 linker stubs
 *(.eh_frame)
 .eh_frame      0x000000000800816c        0x0 c:/st/stm32cubeide_1.2.0/stm32cubeide/plugins/com.st.stm32cube.ide.mcu.externaltools.gnu-tools-for-stm32.7-2018-q2-update.win32_1.0.0.201904181610/tools/bin/../lib/gcc/arm-none-eabi/7.3.1/thumb/v6-m/crtbegin.o
 *(.init)
 .init          0x000000000800816c        0x4 c:/st/stm32cubeide_1.2.0/stm32cubeide/plugins/com.st.stm32cube.ide.mcu.externaltools.gnu-tools-for-stm32.7-2018-q2-update.win32_1.0.0.201904181610/tools/bin/../lib/gcc/arm-none-eabi/7.3.1/thumb/v6-m/crti.o
                0x000000000800816c                _init
 .init          0x0000000008008170        0x8 c:/st/stm32cubeide_1.2.0/stm32cubeide/plugins/com.st.stm32cube.ide.mcu.externaltools.gnu-tools-for-stm32.7-2018-q2-update.win32_1.0.0.201904181610/tools/bin/../lib/gcc/arm-none-eabi/7.3.1/thumb/v6-m/crtn.o
 *(.fini)
 .fini          0x0000000008008178        0x4 c:/st/stm32cubeide_1.2.0/stm32cubeide/plugins/com.st.stm32cube.ide.mcu.externaltools.gnu-tools-for-stm32.7-2018-q2-update.win32_1.0.0.201904181610/tools/bin/../lib/gcc/arm-none-eabi/7.3.1/thumb/v6-m/crti.o
                0x0000000008008178                _fini
 .fini          0x000000000800817c        0x8 c:/st/stm32cubeide_1.2.0/stm32cubeide/plugins/com.st.stm32cube.ide.mcu.externaltools.gnu-tools-for-stm32.7-2018-q2-update.win32_1.0.0.201904181610/tools/bin/../lib/gcc/arm-none-eabi/7.3.1/thumb/v6-m/crtn.o
                0x0000000008008184                . = ALIGN (0x4)
                0x0000000008008184                _etext = .

.vfp11_veneer   0x0000000008008184        0x0
 .vfp11_veneer  0x0000000008008184        0x0 linker stubs

.v4_bx          0x0000000008008184        0x0
 .v4_bx         0x0000000008008184        0x0 linker stubs

.iplt           0x0000000008008184        0x0
 .iplt          0x0000000008008184        0x0 c:/st/stm32cubeide_1.2.0/stm32cubeide/plugins/com.st.stm32cube.ide.mcu.externaltools.gnu-tools-for-stm32.7-2018-q2-update.win32_1.0.0.201904181610/tools/bin/../lib/gcc/arm-none-eabi/7.3.1/thumb/v6-m/crtbegin.o

.rodata         0x0000000008008184      0x1a4
                0x0000000008008184                . = ALIGN (0x4)
 *(.rodata)
 .rodata        0x0000000008008184       0x46 USB_DEVICE/App/usbd_desc.o
 *(.rodata*)
 *fill*         0x00000000080081ca        0x2 
 .rodata.AHBPrescTable
                0x00000000080081cc       0x10 Core/Src/system_stm32l0xx.o
                0x00000000080081cc                AHBPrescTable
 .rodata.APBPrescTable
                0x00000000080081dc        0x8 Core/Src/system_stm32l0xx.o
                0x00000000080081dc                APBPrescTable
 .rodata.PLLMulTable
                0x00000000080081e4        0x9 Core/Src/system_stm32l0xx.o
                0x00000000080081e4                PLLMulTable
 *fill*         0x00000000080081ed        0x3 
 .rodata.UART_SetConfig
                0x00000000080081f0       0x48 Drivers/STM32L0xx_HAL_Driver/Src/stm32l0xx_hal_uart.o
 .rodata.USBD_StdDevReq
                0x0000000008008238       0x28 Middlewares/ST/STM32_USB_Device_Library/Core/Src/usbd_ctlreq.o
 .rodata.USBD_GetDescriptor
                0x0000000008008260       0x38 Middlewares/ST/STM32_USB_Device_Library/Core/Src/usbd_ctlreq.o
 .rodata.CDC_Control_FS
                0x0000000008008298       0x90 USB_DEVICE/App/usbd_cdc_if.o
                0x0000000008008328                . = ALIGN (0x4)

.ARM.extab      0x0000000008008328        0x0
                0x0000000008008328                . = ALIGN (0x4)
 *(.ARM.extab* .gnu.linkonce.armextab.*)
                0x0000000008008328                . = ALIGN (0x4)

.ARM            0x0000000008008328        0x8
                0x0000000008008328                . = ALIGN (0x4)
                0x0000000008008328                __exidx_start = .
 *(.ARM.exidx*)
 .ARM.exidx     0x0000000008008328        0x8 c:/st/stm32cubeide_1.2.0/stm32cubeide/plugins/com.st.stm32cube.ide.mcu.externaltools.gnu-tools-for-stm32.7-2018-q2-update.win32_1.0.0.201904181610/tools/bin/../lib/gcc/arm-none-eabi/7.3.1/thumb/v6-m\libgcc.a(_udivmoddi4.o)
                0x0000000008008330                __exidx_end = .
                0x0000000008008330                . = ALIGN (0x4)

.rel.dyn        0x0000000008008330        0x0
 .rel.iplt      0x0000000008008330        0x0 c:/st/stm32cubeide_1.2.0/stm32cubeide/plugins/com.st.stm32cube.ide.mcu.externaltools.gnu-tools-for-stm32.7-2018-q2-update.win32_1.0.0.201904181610/tools/bin/../lib/gcc/arm-none-eabi/7.3.1/thumb/v6-m/crtbegin.o

.preinit_array  0x0000000008008330        0x0
                0x0000000008008330                . = ALIGN (0x4)
                0x0000000008008330                PROVIDE (__preinit_array_start = .)
 *(.preinit_array*)
                0x0000000008008330                PROVIDE (__preinit_array_end = .)
                0x0000000008008330                . = ALIGN (0x4)

.init_array     0x0000000008008330        0x4
                0x0000000008008330                . = ALIGN (0x4)
                0x0000000008008330                PROVIDE (__init_array_start = .)
 *(SORT_BY_NAME(.init_array.*))
 *(.init_array*)
 .init_array    0x0000000008008330        0x4 c:/st/stm32cubeide_1.2.0/stm32cubeide/plugins/com.st.stm32cube.ide.mcu.externaltools.gnu-tools-for-stm32.7-2018-q2-update.win32_1.0.0.201904181610/tools/bin/../lib/gcc/arm-none-eabi/7.3.1/thumb/v6-m/crtbegin.o
                0x0000000008008334                PROVIDE (__init_array_end = .)
                0x0000000008008334                . = ALIGN (0x4)

.fini_array     0x0000000008008334        0x4
                0x0000000008008334                . = ALIGN (0x4)
                [!provide]                        PROVIDE (__fini_array_start = .)
 *(SORT_BY_NAME(.fini_array.*))
 *(.fini_array*)
 .fini_array    0x0000000008008334        0x4 c:/st/stm32cubeide_1.2.0/stm32cubeide/plugins/com.st.stm32cube.ide.mcu.externaltools.gnu-tools-for-stm32.7-2018-q2-update.win32_1.0.0.201904181610/tools/bin/../lib/gcc/arm-none-eabi/7.3.1/thumb/v6-m/crtbegin.o
                [!provide]                        PROVIDE (__fini_array_end = .)
                0x0000000008008338                . = ALIGN (0x4)
                0x0000000008008338                _sidata = LOADADDR (.data)

.data           0x0000000020000000      0x174 load address 0x0000000008008338
                0x0000000020000000                . = ALIGN (0x4)
                0x0000000020000000                _sdata = .
 *(.data)
 *(.data*)
 .data.SystemCoreClock
                0x0000000020000000        0x4 Core/Src/system_stm32l0xx.o
                0x0000000020000000                SystemCoreClock
 .data.USBD_CDC_DeviceQualifierDesc
                0x0000000020000004        0xa Middlewares/ST/STM32_USB_Device_Library/Class/CDC/Src/usbd_cdc.o
 *fill*         0x000000002000000e        0x2 
 .data.USBD_CDC
                0x0000000020000010       0x38 Middlewares/ST/STM32_USB_Device_Library/Class/CDC/Src/usbd_cdc.o
                0x0000000020000010                USBD_CDC
 .data.USBD_CDC_CfgHSDesc
                0x0000000020000048       0x43 Middlewares/ST/STM32_USB_Device_Library/Class/CDC/Src/usbd_cdc.o
                0x0000000020000048                USBD_CDC_CfgHSDesc
 *fill*         0x000000002000008b        0x1 
 .data.USBD_CDC_CfgFSDesc
                0x000000002000008c       0x43 Middlewares/ST/STM32_USB_Device_Library/Class/CDC/Src/usbd_cdc.o
                0x000000002000008c                USBD_CDC_CfgFSDesc
 *fill*         0x00000000200000cf        0x1 
 .data.USBD_CDC_OtherSpeedCfgDesc
                0x00000000200000d0       0x43 Middlewares/ST/STM32_USB_Device_Library/Class/CDC/Src/usbd_cdc.o
                0x00000000200000d0                USBD_CDC_OtherSpeedCfgDesc
 *fill*         0x0000000020000113        0x1 
 .data.USBD_Interface_fops_FS
                0x0000000020000114       0x10 USB_DEVICE/App/usbd_cdc_if.o
                0x0000000020000114                USBD_Interface_fops_FS
 .data.FS_Desc  0x0000000020000124       0x1c USB_DEVICE/App/usbd_desc.o
                0x0000000020000124                FS_Desc
 .data.USBD_FS_DeviceDesc
                0x0000000020000140       0x12 USB_DEVICE/App/usbd_desc.o
                0x0000000020000140                USBD_FS_DeviceDesc
 *fill*         0x0000000020000152        0x2 
 .data.USBD_LangIDDesc
                0x0000000020000154        0x4 USB_DEVICE/App/usbd_desc.o
                0x0000000020000154                USBD_LangIDDesc
 .data.USBD_StringSerial
                0x0000000020000158       0x1a USB_DEVICE/App/usbd_desc.o
                0x0000000020000158                USBD_StringSerial
                0x0000000020000174                . = ALIGN (0x4)
 *fill*         0x0000000020000172        0x2 
                0x0000000020000174                _edata = .

.igot.plt       0x0000000020000174        0x0 load address 0x00000000080084ac
 .igot.plt      0x0000000020000174        0x0 c:/st/stm32cubeide_1.2.0/stm32cubeide/plugins/com.st.stm32cube.ide.mcu.externaltools.gnu-tools-for-stm32.7-2018-q2-update.win32_1.0.0.201904181610/tools/bin/../lib/gcc/arm-none-eabi/7.3.1/thumb/v6-m/crtbegin.o
                0x0000000020000174                . = ALIGN (0x4)

.bss            0x0000000020000174     0x1240 load address 0x00000000080084ac
                0x0000000020000174                _sbss = .
                0x0000000020000174                __bss_start__ = _sbss
 *(.bss)
 .bss           0x0000000020000174       0x1c c:/st/stm32cubeide_1.2.0/stm32cubeide/plugins/com.st.stm32cube.ide.mcu.externaltools.gnu-tools-for-stm32.7-2018-q2-update.win32_1.0.0.201904181610/tools/bin/../lib/gcc/arm-none-eabi/7.3.1/thumb/v6-m/crtbegin.o
 *(.bss*)
 .bss.cfgidx.8474
                0x0000000020000190        0x1 Middlewares/ST/STM32_USB_Device_Library/Core/Src/usbd_ctlreq.o
 *fill*         0x0000000020000191        0x3 
 .bss.mem.8543  0x0000000020000194      0x220 USB_DEVICE/Target/usbd_conf.o
 *(COMMON)
 COMMON         0x00000000200003b4      0x11c Core/Src/main.o
                0x00000000200003b4                huart1
                0x0000000020000434                hrtc
                0x0000000020000458                htim6
                0x0000000020000494                htim2
 COMMON         0x00000000200004d0        0x4 Drivers/STM32L0xx_HAL_Driver/Src/stm32l0xx_hal.o
                0x00000000200004d0                uwTick
 COMMON         0x00000000200004d4      0x29c USB_DEVICE/App/usb_device.o
                0x00000000200004d4                hUsbDeviceFS
 COMMON         0x0000000020000770      0x7d0 USB_DEVICE/App/usbd_cdc_if.o
                0x0000000020000770                UserRxBufferFS
                0x0000000020000b58                UserTxBufferFS
 COMMON         0x0000000020000f40      0x200 USB_DEVICE/App/usbd_desc.o
                0x0000000020000f40                USBD_StrDesc
 COMMON         0x0000000020001140      0x274 USB_DEVICE/Target/usbd_conf.o
                0x0000000020001140                hpcd_USB_FS
                0x00000000200013b4                . = ALIGN (0x4)
                0x00000000200013b4                _ebss = .
                0x00000000200013b4                __bss_end__ = _ebss

._user_heap_stack
                0x00000000200013b4      0x604 load address 0x00000000080084ac
                0x00000000200013b8                . = ALIGN (0x8)
 *fill*         0x00000000200013b4        0x4 
                0x00000000200013b8                PROVIDE (end = .)
                [!provide]                        PROVIDE (_end = .)
                0x00000000200015b8                . = (. + _Min_Heap_Size)
 *fill*         0x00000000200013b8      0x200 
                0x00000000200019b8                . = (. + _Min_Stack_Size)
 *fill*         0x00000000200015b8      0x400 
                0x00000000200019b8                . = ALIGN (0x8)

/DISCARD/
 libc.a(*)
 libm.a(*)
 libgcc.a(*)

.ARM.attributes
                0x0000000000000000       0x28
 *(.ARM.attributes)
 .ARM.attributes
                0x0000000000000000       0x1e c:/st/stm32cubeide_1.2.0/stm32cubeide/plugins/com.st.stm32cube.ide.mcu.externaltools.gnu-tools-for-stm32.7-2018-q2-update.win32_1.0.0.201904181610/tools/bin/../lib/gcc/arm-none-eabi/7.3.1/thumb/v6-m/crti.o
 .ARM.attributes
                0x000000000000001e       0x2c c:/st/stm32cubeide_1.2.0/stm32cubeide/plugins/com.st.stm32cube.ide.mcu.externaltools.gnu-tools-for-stm32.7-2018-q2-update.win32_1.0.0.201904181610/tools/bin/../lib/gcc/arm-none-eabi/7.3.1/thumb/v6-m/crtbegin.o
 .ARM.attributes
                0x000000000000004a       0x32 Core/Src/Remote.o
 .ARM.attributes
                0x000000000000007c       0x32 Core/Src/main.o
 .ARM.attributes
                0x00000000000000ae       0x32 Core/Src/stm32l0xx_hal_msp.o
 .ARM.attributes
                0x00000000000000e0       0x32 Core/Src/stm32l0xx_it.o
 .ARM.attributes
                0x0000000000000112       0x32 Core/Src/system_stm32l0xx.o
 .ARM.attributes
                0x0000000000000144       0x22 Core/Startup/startup_stm32l052k8tx.o
 .ARM.attributes
                0x0000000000000166       0x32 Drivers/STM32L0xx_HAL_Driver/Src/stm32l0xx_hal.o
 .ARM.attributes
                0x0000000000000198       0x32 Drivers/STM32L0xx_HAL_Driver/Src/stm32l0xx_hal_cortex.o
 .ARM.attributes
                0x00000000000001ca       0x32 Drivers/STM32L0xx_HAL_Driver/Src/stm32l0xx_hal_gpio.o
 .ARM.attributes
                0x00000000000001fc       0x32 Drivers/STM32L0xx_HAL_Driver/Src/stm32l0xx_hal_pcd.o
 .ARM.attributes
                0x000000000000022e       0x32 Drivers/STM32L0xx_HAL_Driver/Src/stm32l0xx_hal_pcd_ex.o
 .ARM.attributes
                0x0000000000000260       0x32 Drivers/STM32L0xx_HAL_Driver/Src/stm32l0xx_hal_rcc.o
 .ARM.attributes
                0x0000000000000292       0x32 Drivers/STM32L0xx_HAL_Driver/Src/stm32l0xx_hal_rcc_ex.o
 .ARM.attributes
                0x00000000000002c4       0x32 Drivers/STM32L0xx_HAL_Driver/Src/stm32l0xx_hal_rtc.o
 .ARM.attributes
                0x00000000000002f6       0x32 Drivers/STM32L0xx_HAL_Driver/Src/stm32l0xx_hal_tim.o
 .ARM.attributes
                0x0000000000000328       0x32 Drivers/STM32L0xx_HAL_Driver/Src/stm32l0xx_hal_tim_ex.o
 .ARM.attributes
                0x000000000000035a       0x32 Drivers/STM32L0xx_HAL_Driver/Src/stm32l0xx_hal_uart.o
 .ARM.attributes
                0x000000000000038c       0x32 Drivers/STM32L0xx_HAL_Driver/Src/stm32l0xx_ll_usb.o
 .ARM.attributes
                0x00000000000003be       0x32 Middlewares/ST/STM32_USB_Device_Library/Class/CDC/Src/usbd_cdc.o
 .ARM.attributes
                0x00000000000003f0       0x32 Middlewares/ST/STM32_USB_Device_Library/Core/Src/usbd_core.o
 .ARM.attributes
                0x0000000000000422       0x32 Middlewares/ST/STM32_USB_Device_Library/Core/Src/usbd_ctlreq.o
 .ARM.attributes
                0x0000000000000454       0x32 Middlewares/ST/STM32_USB_Device_Library/Core/Src/usbd_ioreq.o
 .ARM.attributes
                0x0000000000000486       0x32 USB_DEVICE/App/usb_device.o
 .ARM.attributes
                0x00000000000004b8       0x32 USB_DEVICE/App/usbd_cdc_if.o
 .ARM.attributes
                0x00000000000004ea       0x32 USB_DEVICE/App/usbd_desc.o
 .ARM.attributes
                0x000000000000051c       0x32 USB_DEVICE/Target/usbd_conf.o
 .ARM.attributes
                0x000000000000054e       0x2c c:/st/stm32cubeide_1.2.0/stm32cubeide/plugins/com.st.stm32cube.ide.mcu.externaltools.gnu-tools-for-stm32.7-2018-q2-update.win32_1.0.0.201904181610/tools/bin/../lib/gcc/arm-none-eabi/7.3.1/../../../../arm-none-eabi/lib/thumb/v6-m\libc_nano.a(lib_a-init.o)
 .ARM.attributes
                0x000000000000057a       0x2c c:/st/stm32cubeide_1.2.0/stm32cubeide/plugins/com.st.stm32cube.ide.mcu.externaltools.gnu-tools-for-stm32.7-2018-q2-update.win32_1.0.0.201904181610/tools/bin/../lib/gcc/arm-none-eabi/7.3.1/../../../../arm-none-eabi/lib/thumb/v6-m\libc_nano.a(lib_a-memset.o)
 .ARM.attributes
                0x00000000000005a6       0x1e c:/st/stm32cubeide_1.2.0/stm32cubeide/plugins/com.st.stm32cube.ide.mcu.externaltools.gnu-tools-for-stm32.7-2018-q2-update.win32_1.0.0.201904181610/tools/bin/../lib/gcc/arm-none-eabi/7.3.1/thumb/v6-m\libgcc.a(_udivsi3.o)
 .ARM.attributes
                0x00000000000005c4       0x1e c:/st/stm32cubeide_1.2.0/stm32cubeide/plugins/com.st.stm32cube.ide.mcu.externaltools.gnu-tools-for-stm32.7-2018-q2-update.win32_1.0.0.201904181610/tools/bin/../lib/gcc/arm-none-eabi/7.3.1/thumb/v6-m\libgcc.a(_dvmd_tls.o)
 .ARM.attributes
                0x00000000000005e2       0x1e c:/st/stm32cubeide_1.2.0/stm32cubeide/plugins/com.st.stm32cube.ide.mcu.externaltools.gnu-tools-for-stm32.7-2018-q2-update.win32_1.0.0.201904181610/tools/bin/../lib/gcc/arm-none-eabi/7.3.1/thumb/v6-m\libgcc.a(_aeabi_uldivmod.o)
 .ARM.attributes
                0x0000000000000600       0x2c c:/st/stm32cubeide_1.2.0/stm32cubeide/plugins/com.st.stm32cube.ide.mcu.externaltools.gnu-tools-for-stm32.7-2018-q2-update.win32_1.0.0.201904181610/tools/bin/../lib/gcc/arm-none-eabi/7.3.1/thumb/v6-m\libgcc.a(_udivmoddi4.o)
 .ARM.attributes
                0x000000000000062c       0x1e c:/st/stm32cubeide_1.2.0/stm32cubeide/plugins/com.st.stm32cube.ide.mcu.externaltools.gnu-tools-for-stm32.7-2018-q2-update.win32_1.0.0.201904181610/tools/bin/../lib/gcc/arm-none-eabi/7.3.1/thumb/v6-m\libgcc.a(_clzdi2.o)
 .ARM.attributes
                0x000000000000064a       0x1e c:/st/stm32cubeide_1.2.0/stm32cubeide/plugins/com.st.stm32cube.ide.mcu.externaltools.gnu-tools-for-stm32.7-2018-q2-update.win32_1.0.0.201904181610/tools/bin/../lib/gcc/arm-none-eabi/7.3.1/thumb/v6-m\libgcc.a(_clzsi2.o)
 .ARM.attributes
                0x0000000000000668       0x1e c:/st/stm32cubeide_1.2.0/stm32cubeide/plugins/com.st.stm32cube.ide.mcu.externaltools.gnu-tools-for-stm32.7-2018-q2-update.win32_1.0.0.201904181610/tools/bin/../lib/gcc/arm-none-eabi/7.3.1/thumb/v6-m/crtn.o
OUTPUT(RokuRemote.elf elf32-littlearm)

.debug_info     0x0000000000000000    0x16c96
 .debug_info    0x0000000000000000      0x649 Core/Src/Remote.o
 .debug_info    0x0000000000000649     0x1b26 Core/Src/main.o
 .debug_info    0x000000000000216f      0xe4d Core/Src/stm32l0xx_hal_msp.o
 .debug_info    0x0000000000002fbc      0xaea Core/Src/stm32l0xx_it.o
 .debug_info    0x0000000000003aa6      0x390 Core/Src/system_stm32l0xx.o
 .debug_info    0x0000000000003e36       0x22 Core/Startup/startup_stm32l052k8tx.o
 .debug_info    0x0000000000003e58      0x7a5 Drivers/STM32L0xx_HAL_Driver/Src/stm32l0xx_hal.o
 .debug_info    0x00000000000045fd      0x8c7 Drivers/STM32L0xx_HAL_Driver/Src/stm32l0xx_hal_cortex.o
 .debug_info    0x0000000000004ec4      0x6c4 Drivers/STM32L0xx_HAL_Driver/Src/stm32l0xx_hal_gpio.o
 .debug_info    0x0000000000005588      0xe40 Drivers/STM32L0xx_HAL_Driver/Src/stm32l0xx_hal_pcd.o
 .debug_info    0x00000000000063c8      0x856 Drivers/STM32L0xx_HAL_Driver/Src/stm32l0xx_hal_pcd_ex.o
 .debug_info    0x0000000000006c1e      0x954 Drivers/STM32L0xx_HAL_Driver/Src/stm32l0xx_hal_rcc.o
 .debug_info    0x0000000000007572      0x805 Drivers/STM32L0xx_HAL_Driver/Src/stm32l0xx_hal_rcc_ex.o
 .debug_info    0x0000000000007d77      0xaa4 Drivers/STM32L0xx_HAL_Driver/Src/stm32l0xx_hal_rtc.o
 .debug_info    0x000000000000881b     0x23bf Drivers/STM32L0xx_HAL_Driver/Src/stm32l0xx_hal_tim.o
 .debug_info    0x000000000000abda      0x689 Drivers/STM32L0xx_HAL_Driver/Src/stm32l0xx_hal_tim_ex.o
 .debug_info    0x000000000000b263     0x1524 Drivers/STM32L0xx_HAL_Driver/Src/stm32l0xx_hal_uart.o
 .debug_info    0x000000000000c787     0x14d9 Drivers/STM32L0xx_HAL_Driver/Src/stm32l0xx_ll_usb.o
 .debug_info    0x000000000000dc60     0x1792 Middlewares/ST/STM32_USB_Device_Library/Class/CDC/Src/usbd_cdc.o
 .debug_info    0x000000000000f3f2     0x1185 Middlewares/ST/STM32_USB_Device_Library/Core/Src/usbd_core.o
 .debug_info    0x0000000000010577     0x10e6 Middlewares/ST/STM32_USB_Device_Library/Core/Src/usbd_ctlreq.o
 .debug_info    0x000000000001165d      0xee6 Middlewares/ST/STM32_USB_Device_Library/Core/Src/usbd_ioreq.o
 .debug_info    0x0000000000012543      0xe2e USB_DEVICE/App/usb_device.o
 .debug_info    0x0000000000013371      0xfe9 USB_DEVICE/App/usbd_cdc_if.o
 .debug_info    0x000000000001435a      0xcca USB_DEVICE/App/usbd_desc.o
 .debug_info    0x0000000000015024     0x1c72 USB_DEVICE/Target/usbd_conf.o

.debug_abbrev   0x0000000000000000     0x345a
 .debug_abbrev  0x0000000000000000      0x1a8 Core/Src/Remote.o
 .debug_abbrev  0x00000000000001a8      0x275 Core/Src/main.o
 .debug_abbrev  0x000000000000041d      0x1c4 Core/Src/stm32l0xx_hal_msp.o
 .debug_abbrev  0x00000000000005e1      0x19d Core/Src/stm32l0xx_it.o
 .debug_abbrev  0x000000000000077e      0x111 Core/Src/system_stm32l0xx.o
 .debug_abbrev  0x000000000000088f       0x12 Core/Startup/startup_stm32l052k8tx.o
 .debug_abbrev  0x00000000000008a1      0x219 Drivers/STM32L0xx_HAL_Driver/Src/stm32l0xx_hal.o
 .debug_abbrev  0x0000000000000aba      0x261 Drivers/STM32L0xx_HAL_Driver/Src/stm32l0xx_hal_cortex.o
 .debug_abbrev  0x0000000000000d1b      0x1c0 Drivers/STM32L0xx_HAL_Driver/Src/stm32l0xx_hal_gpio.o
 .debug_abbrev  0x0000000000000edb      0x263 Drivers/STM32L0xx_HAL_Driver/Src/stm32l0xx_hal_pcd.o
 .debug_abbrev  0x000000000000113e      0x1eb Drivers/STM32L0xx_HAL_Driver/Src/stm32l0xx_hal_pcd_ex.o
 .debug_abbrev  0x0000000000001329      0x21a Drivers/STM32L0xx_HAL_Driver/Src/stm32l0xx_hal_rcc.o
 .debug_abbrev  0x0000000000001543      0x1ea Drivers/STM32L0xx_HAL_Driver/Src/stm32l0xx_hal_rcc_ex.o
 .debug_abbrev  0x000000000000172d      0x1c4 Drivers/STM32L0xx_HAL_Driver/Src/stm32l0xx_hal_rtc.o
 .debug_abbrev  0x00000000000018f1      0x22e Drivers/STM32L0xx_HAL_Driver/Src/stm32l0xx_hal_tim.o
 .debug_abbrev  0x0000000000001b1f      0x18d Drivers/STM32L0xx_HAL_Driver/Src/stm32l0xx_hal_tim_ex.o
 .debug_abbrev  0x0000000000001cac      0x214 Drivers/STM32L0xx_HAL_Driver/Src/stm32l0xx_hal_uart.o
 .debug_abbrev  0x0000000000001ec0      0x239 Drivers/STM32L0xx_HAL_Driver/Src/stm32l0xx_ll_usb.o
 .debug_abbrev  0x00000000000020f9      0x2b6 Middlewares/ST/STM32_USB_Device_Library/Class/CDC/Src/usbd_cdc.o
 .debug_abbrev  0x00000000000023af      0x270 Middlewares/ST/STM32_USB_Device_Library/Core/Src/usbd_core.o
 .debug_abbrev  0x000000000000261f      0x2a0 Middlewares/ST/STM32_USB_Device_Library/Core/Src/usbd_ctlreq.o
 .debug_abbrev  0x00000000000028bf      0x1e0 Middlewares/ST/STM32_USB_Device_Library/Core/Src/usbd_ioreq.o
 .debug_abbrev  0x0000000000002a9f      0x1be USB_DEVICE/App/usb_device.o
 .debug_abbrev  0x0000000000002c5d      0x285 USB_DEVICE/App/usbd_cdc_if.o
 .debug_abbrev  0x0000000000002ee2      0x290 USB_DEVICE/App/usbd_desc.o
 .debug_abbrev  0x0000000000003172      0x2e8 USB_DEVICE/Target/usbd_conf.o

.debug_aranges  0x0000000000000000     0x11f0
 .debug_aranges
                0x0000000000000000       0x38 Core/Src/Remote.o
 .debug_aranges
                0x0000000000000038       0x58 Core/Src/main.o
 .debug_aranges
                0x0000000000000090       0x58 Core/Src/stm32l0xx_hal_msp.o
 .debug_aranges
                0x00000000000000e8       0x68 Core/Src/stm32l0xx_it.o
 .debug_aranges
                0x0000000000000150       0x28 Core/Src/system_stm32l0xx.o
 .debug_aranges
                0x0000000000000178       0x28 Core/Startup/startup_stm32l052k8tx.o
 .debug_aranges
                0x00000000000001a0       0xf8 Drivers/STM32L0xx_HAL_Driver/Src/stm32l0xx_hal.o
 .debug_aranges
                0x0000000000000298       0xd8 Drivers/STM32L0xx_HAL_Driver/Src/stm32l0xx_hal_cortex.o
 .debug_aranges
                0x0000000000000370       0x58 Drivers/STM32L0xx_HAL_Driver/Src/stm32l0xx_hal_gpio.o
 .debug_aranges
                0x00000000000003c8      0x120 Drivers/STM32L0xx_HAL_Driver/Src/stm32l0xx_hal_pcd.o
 .debug_aranges
                0x00000000000004e8       0x58 Drivers/STM32L0xx_HAL_Driver/Src/stm32l0xx_hal_pcd_ex.o
 .debug_aranges
                0x0000000000000540       0x80 Drivers/STM32L0xx_HAL_Driver/Src/stm32l0xx_hal_rcc.o
 .debug_aranges
                0x00000000000005c0       0xb0 Drivers/STM32L0xx_HAL_Driver/Src/stm32l0xx_hal_rcc_ex.o
 .debug_aranges
                0x0000000000000670       0xb8 Drivers/STM32L0xx_HAL_Driver/Src/stm32l0xx_hal_rtc.o
 .debug_aranges
                0x0000000000000728      0x3a8 Drivers/STM32L0xx_HAL_Driver/Src/stm32l0xx_hal_tim.o
 .debug_aranges
                0x0000000000000ad0       0x28 Drivers/STM32L0xx_HAL_Driver/Src/stm32l0xx_hal_tim_ex.o
 .debug_aranges
                0x0000000000000af8      0x1f8 Drivers/STM32L0xx_HAL_Driver/Src/stm32l0xx_hal_uart.o
 .debug_aranges
                0x0000000000000cf0      0x108 Drivers/STM32L0xx_HAL_Driver/Src/stm32l0xx_ll_usb.o
 .debug_aranges
                0x0000000000000df8       0x90 Middlewares/ST/STM32_USB_Device_Library/Class/CDC/Src/usbd_cdc.o
 .debug_aranges
                0x0000000000000e88       0xb8 Middlewares/ST/STM32_USB_Device_Library/Core/Src/usbd_core.o
 .debug_aranges
                0x0000000000000f40       0x88 Middlewares/ST/STM32_USB_Device_Library/Core/Src/usbd_ctlreq.o
 .debug_aranges
                0x0000000000000fc8       0x50 Middlewares/ST/STM32_USB_Device_Library/Core/Src/usbd_ioreq.o
 .debug_aranges
                0x0000000000001018       0x20 USB_DEVICE/App/usb_device.o
 .debug_aranges
                0x0000000000001038       0x40 USB_DEVICE/App/usbd_cdc_if.o
 .debug_aranges
                0x0000000000001078       0x60 USB_DEVICE/App/usbd_desc.o
 .debug_aranges
                0x00000000000010d8      0x118 USB_DEVICE/Target/usbd_conf.o

.debug_ranges   0x0000000000000000     0x1058
 .debug_ranges  0x0000000000000000       0x28 Core/Src/Remote.o
 .debug_ranges  0x0000000000000028       0x48 Core/Src/main.o
 .debug_ranges  0x0000000000000070       0x48 Core/Src/stm32l0xx_hal_msp.o
 .debug_ranges  0x00000000000000b8       0x58 Core/Src/stm32l0xx_it.o
 .debug_ranges  0x0000000000000110       0x18 Core/Src/system_stm32l0xx.o
 .debug_ranges  0x0000000000000128       0x20 Core/Startup/startup_stm32l052k8tx.o
 .debug_ranges  0x0000000000000148       0xe8 Drivers/STM32L0xx_HAL_Driver/Src/stm32l0xx_hal.o
 .debug_ranges  0x0000000000000230       0xc8 Drivers/STM32L0xx_HAL_Driver/Src/stm32l0xx_hal_cortex.o
 .debug_ranges  0x00000000000002f8       0x48 Drivers/STM32L0xx_HAL_Driver/Src/stm32l0xx_hal_gpio.o
 .debug_ranges  0x0000000000000340      0x110 Drivers/STM32L0xx_HAL_Driver/Src/stm32l0xx_hal_pcd.o
 .debug_ranges  0x0000000000000450       0x48 Drivers/STM32L0xx_HAL_Driver/Src/stm32l0xx_hal_pcd_ex.o
 .debug_ranges  0x0000000000000498       0x70 Drivers/STM32L0xx_HAL_Driver/Src/stm32l0xx_hal_rcc.o
 .debug_ranges  0x0000000000000508       0xa0 Drivers/STM32L0xx_HAL_Driver/Src/stm32l0xx_hal_rcc_ex.o
 .debug_ranges  0x00000000000005a8       0xa8 Drivers/STM32L0xx_HAL_Driver/Src/stm32l0xx_hal_rtc.o
 .debug_ranges  0x0000000000000650      0x398 Drivers/STM32L0xx_HAL_Driver/Src/stm32l0xx_hal_tim.o
 .debug_ranges  0x00000000000009e8       0x18 Drivers/STM32L0xx_HAL_Driver/Src/stm32l0xx_hal_tim_ex.o
 .debug_ranges  0x0000000000000a00      0x1e8 Drivers/STM32L0xx_HAL_Driver/Src/stm32l0xx_hal_uart.o
 .debug_ranges  0x0000000000000be8       0xf8 Drivers/STM32L0xx_HAL_Driver/Src/stm32l0xx_ll_usb.o
 .debug_ranges  0x0000000000000ce0       0x80 Middlewares/ST/STM32_USB_Device_Library/Class/CDC/Src/usbd_cdc.o
 .debug_ranges  0x0000000000000d60       0xa8 Middlewares/ST/STM32_USB_Device_Library/Core/Src/usbd_core.o
 .debug_ranges  0x0000000000000e08       0x78 Middlewares/ST/STM32_USB_Device_Library/Core/Src/usbd_ctlreq.o
 .debug_ranges  0x0000000000000e80       0x40 Middlewares/ST/STM32_USB_Device_Library/Core/Src/usbd_ioreq.o
 .debug_ranges  0x0000000000000ec0       0x10 USB_DEVICE/App/usb_device.o
 .debug_ranges  0x0000000000000ed0       0x30 USB_DEVICE/App/usbd_cdc_if.o
 .debug_ranges  0x0000000000000f00       0x50 USB_DEVICE/App/usbd_desc.o
 .debug_ranges  0x0000000000000f50      0x108 USB_DEVICE/Target/usbd_conf.o

.debug_macro    0x0000000000000000    0x17a41
 .debug_macro   0x0000000000000000      0x20d Core/Src/Remote.o
 .debug_macro   0x000000000000020d      0xa48 Core/Src/Remote.o
 .debug_macro   0x0000000000000c55       0xad Core/Src/Remote.o
 .debug_macro   0x0000000000000d02       0x2e Core/Src/Remote.o
 .debug_macro   0x0000000000000d30       0x28 Core/Src/Remote.o
 .debug_macro   0x0000000000000d58       0x22 Core/Src/Remote.o
 .debug_macro   0x0000000000000d7a       0x8e Core/Src/Remote.o
 .debug_macro   0x0000000000000e08       0x51 Core/Src/Remote.o
 .debug_macro   0x0000000000000e59       0xef Core/Src/Remote.o
 .debug_macro   0x0000000000000f48       0x6a Core/Src/Remote.o
 .debug_macro   0x0000000000000fb2      0x1df Core/Src/Remote.o
 .debug_macro   0x0000000000001191       0x34 Core/Src/Remote.o
 .debug_macro   0x00000000000011c5       0x26 Core/Src/Remote.o
 .debug_macro   0x00000000000011eb      0x44f Core/Src/Remote.o
 .debug_macro   0x000000000000163a     0x99d3 Core/Src/Remote.o
 .debug_macro   0x000000000000b00d       0x3c Core/Src/Remote.o
 .debug_macro   0x000000000000b049     0x352c Core/Src/Remote.o
 .debug_macro   0x000000000000e575      0x174 Core/Src/Remote.o
 .debug_macro   0x000000000000e6e9       0x5b Core/Src/Remote.o
 .debug_macro   0x000000000000e744      0x8d6 Core/Src/Remote.o
 .debug_macro   0x000000000000f01a      0x970 Core/Src/Remote.o
 .debug_macro   0x000000000000f98a      0x13f Core/Src/Remote.o
 .debug_macro   0x000000000000fac9      0x176 Core/Src/Remote.o
 .debug_macro   0x000000000000fc3f      0x28e Core/Src/Remote.o
 .debug_macro   0x000000000000fecd      0x1e9 Core/Src/Remote.o
 .debug_macro   0x00000000000100b6      0x129 Core/Src/Remote.o
 .debug_macro   0x00000000000101df      0x2b4 Core/Src/Remote.o
 .debug_macro   0x0000000000010493      0x22c Core/Src/Remote.o
 .debug_macro   0x00000000000106bf       0x5b Core/Src/Remote.o
 .debug_macro   0x000000000001071a       0xa5 Core/Src/Remote.o
 .debug_macro   0x00000000000107bf      0x187 Core/Src/Remote.o
 .debug_macro   0x0000000000010946       0x16 Core/Src/Remote.o
 .debug_macro   0x000000000001095c      0x30c Core/Src/Remote.o
 .debug_macro   0x0000000000010c68      0x3ee Core/Src/Remote.o
 .debug_macro   0x0000000000011056       0xdd Core/Src/Remote.o
 .debug_macro   0x0000000000011133      0x734 Core/Src/Remote.o
 .debug_macro   0x0000000000011867       0xcc Core/Src/Remote.o
 .debug_macro   0x0000000000011933      0x57b Core/Src/Remote.o
 .debug_macro   0x0000000000011eae       0x44 Core/Src/Remote.o
 .debug_macro   0x0000000000011ef2       0x57 Core/Src/Remote.o
 .debug_macro   0x0000000000011f49      0x25e Core/Src/Remote.o
 .debug_macro   0x00000000000121a7      0x13d Core/Src/Remote.o
 .debug_macro   0x00000000000122e4       0x22 Core/Src/Remote.o
 .debug_macro   0x0000000000012306       0x16 Core/Src/Remote.o
 .debug_macro   0x000000000001231c      0x3f8 Core/Src/main.o
 .debug_macro   0x0000000000012714      0x12a Core/Src/main.o
 .debug_macro   0x000000000001283e       0x46 Core/Src/main.o
 .debug_macro   0x0000000000012884       0x18 Core/Src/main.o
 .debug_macro   0x000000000001289c       0x3c Core/Src/main.o
 .debug_macro   0x00000000000128d8       0x34 Core/Src/main.o
 .debug_macro   0x000000000001290c       0x16 Core/Src/main.o
 .debug_macro   0x0000000000012922       0x35 Core/Src/main.o
 .debug_macro   0x0000000000012957      0x330 Core/Src/main.o
 .debug_macro   0x0000000000012c87       0x10 Core/Src/main.o
 .debug_macro   0x0000000000012c97       0x52 Core/Src/main.o
 .debug_macro   0x0000000000012ce9       0x1f Core/Src/main.o
 .debug_macro   0x0000000000012d08       0x43 Core/Src/main.o
 .debug_macro   0x0000000000012d4b       0x20 Core/Src/main.o
 .debug_macro   0x0000000000012d6b      0x1a3 Core/Src/main.o
 .debug_macro   0x0000000000012f0e       0x10 Core/Src/main.o
 .debug_macro   0x0000000000012f1e       0x1c Core/Src/main.o
 .debug_macro   0x0000000000012f3a       0x52 Core/Src/main.o
 .debug_macro   0x0000000000012f8c       0x40 Core/Src/main.o
 .debug_macro   0x0000000000012fcc       0x10 Core/Src/main.o
 .debug_macro   0x0000000000012fdc       0x40 Core/Src/main.o
 .debug_macro   0x000000000001301c       0xd7 Core/Src/main.o
 .debug_macro   0x00000000000130f3       0x1c Core/Src/main.o
 .debug_macro   0x000000000001310f       0x3d Core/Src/main.o
 .debug_macro   0x000000000001314c       0x16 Core/Src/main.o
 .debug_macro   0x0000000000013162      0x145 Core/Src/main.o
 .debug_macro   0x00000000000132a7       0x16 Core/Src/main.o
 .debug_macro   0x00000000000132bd       0x16 Core/Src/main.o
 .debug_macro   0x00000000000132d3       0x29 Core/Src/main.o
 .debug_macro   0x00000000000132fc       0x16 Core/Src/main.o
 .debug_macro   0x0000000000013312       0x20 Core/Src/main.o
 .debug_macro   0x0000000000013332       0x59 Core/Src/main.o
 .debug_macro   0x000000000001338b      0x1d6 Core/Src/main.o
 .debug_macro   0x0000000000013561       0x1c Core/Src/main.o
 .debug_macro   0x000000000001357d      0x204 Core/Src/stm32l0xx_hal_msp.o
 .debug_macro   0x0000000000013781      0x226 Core/Src/stm32l0xx_it.o
 .debug_macro   0x00000000000139a7      0x1fb Core/Src/system_stm32l0xx.o
 .debug_macro   0x0000000000013ba2      0x219 Drivers/STM32L0xx_HAL_Driver/Src/stm32l0xx_hal.o
 .debug_macro   0x0000000000013dbb      0x1f5 Drivers/STM32L0xx_HAL_Driver/Src/stm32l0xx_hal_cortex.o
 .debug_macro   0x0000000000013fb0      0x22d Drivers/STM32L0xx_HAL_Driver/Src/stm32l0xx_hal_gpio.o
 .debug_macro   0x00000000000141dd      0x201 Drivers/STM32L0xx_HAL_Driver/Src/stm32l0xx_hal_pcd.o
 .debug_macro   0x00000000000143de      0x1f5 Drivers/STM32L0xx_HAL_Driver/Src/stm32l0xx_hal_pcd_ex.o
 .debug_macro   0x00000000000145d3      0x219 Drivers/STM32L0xx_HAL_Driver/Src/stm32l0xx_hal_rcc.o
 .debug_macro   0x00000000000147ec      0x1f5 Drivers/STM32L0xx_HAL_Driver/Src/stm32l0xx_hal_rcc_ex.o
 .debug_macro   0x00000000000149e1      0x1f6 Drivers/STM32L0xx_HAL_Driver/Src/stm32l0xx_hal_rtc.o
 .debug_macro   0x0000000000014bd7      0x1f6 Drivers/STM32L0xx_HAL_Driver/Src/stm32l0xx_hal_tim.o
 .debug_macro   0x0000000000014dcd      0x1f5 Drivers/STM32L0xx_HAL_Driver/Src/stm32l0xx_hal_tim_ex.o
 .debug_macro   0x0000000000014fc2      0x220 Drivers/STM32L0xx_HAL_Driver/Src/stm32l0xx_hal_uart.o
 .debug_macro   0x00000000000151e2      0x1f5 Drivers/STM32L0xx_HAL_Driver/Src/stm32l0xx_ll_usb.o
 .debug_macro   0x00000000000153d7      0x411 Middlewares/ST/STM32_USB_Device_Library/Class/CDC/Src/usbd_cdc.o
 .debug_macro   0x00000000000157e8       0x97 Middlewares/ST/STM32_USB_Device_Library/Class/CDC/Src/usbd_cdc.o
 .debug_macro   0x000000000001587f       0xfd Middlewares/ST/STM32_USB_Device_Library/Class/CDC/Src/usbd_cdc.o
 .debug_macro   0x000000000001597c       0x55 Middlewares/ST/STM32_USB_Device_Library/Class/CDC/Src/usbd_cdc.o
 .debug_macro   0x00000000000159d1       0x8f Middlewares/ST/STM32_USB_Device_Library/Class/CDC/Src/usbd_cdc.o
 .debug_macro   0x0000000000015a60      0x3f8 Middlewares/ST/STM32_USB_Device_Library/Core/Src/usbd_core.o
 .debug_macro   0x0000000000015e58      0x1dc Middlewares/ST/STM32_USB_Device_Library/Core/Src/usbd_core.o
 .debug_macro   0x0000000000016034      0x402 Middlewares/ST/STM32_USB_Device_Library/Core/Src/usbd_ctlreq.o
 .debug_macro   0x0000000000016436      0x3fe Middlewares/ST/STM32_USB_Device_Library/Core/Src/usbd_ioreq.o
 .debug_macro   0x0000000000016834      0x432 USB_DEVICE/App/usb_device.o
 .debug_macro   0x0000000000016c66      0x130 USB_DEVICE/App/usb_device.o
 .debug_macro   0x0000000000016d96       0x22 USB_DEVICE/App/usb_device.o
 .debug_macro   0x0000000000016db8      0x423 USB_DEVICE/App/usbd_cdc_if.o
 .debug_macro   0x00000000000171db      0x435 USB_DEVICE/App/usbd_desc.o
 .debug_macro   0x0000000000017610       0x1c USB_DEVICE/App/usbd_desc.o
 .debug_macro   0x000000000001762c      0x415 USB_DEVICE/Target/usbd_conf.o

.debug_line     0x0000000000000000    0x112ac
 .debug_line    0x0000000000000000      0x7a4 Core/Src/Remote.o
 .debug_line    0x00000000000007a4      0xb25 Core/Src/main.o
 .debug_line    0x00000000000012c9      0x7e7 Core/Src/stm32l0xx_hal_msp.o
 .debug_line    0x0000000000001ab0      0x840 Core/Src/stm32l0xx_it.o
 .debug_line    0x00000000000022f0      0x773 Core/Src/system_stm32l0xx.o
 .debug_line    0x0000000000002a63       0x8a Core/Startup/startup_stm32l052k8tx.o
 .debug_line    0x0000000000002aed      0x94f Drivers/STM32L0xx_HAL_Driver/Src/stm32l0xx_hal.o
 .debug_line    0x000000000000343c      0x97d Drivers/STM32L0xx_HAL_Driver/Src/stm32l0xx_hal_cortex.o
 .debug_line    0x0000000000003db9      0x8d0 Drivers/STM32L0xx_HAL_Driver/Src/stm32l0xx_hal_gpio.o
 .debug_line    0x0000000000004689      0xbda Drivers/STM32L0xx_HAL_Driver/Src/stm32l0xx_hal_pcd.o
 .debug_line    0x0000000000005263      0x807 Drivers/STM32L0xx_HAL_Driver/Src/stm32l0xx_hal_pcd_ex.o
 .debug_line    0x0000000000005a6a      0xa00 Drivers/STM32L0xx_HAL_Driver/Src/stm32l0xx_hal_rcc.o
 .debug_line    0x000000000000646a      0xa3c Drivers/STM32L0xx_HAL_Driver/Src/stm32l0xx_hal_rcc_ex.o
 .debug_line    0x0000000000006ea6      0xae2 Drivers/STM32L0xx_HAL_Driver/Src/stm32l0xx_hal_rtc.o
 .debug_line    0x0000000000007988     0x173a Drivers/STM32L0xx_HAL_Driver/Src/stm32l0xx_hal_tim.o
 .debug_line    0x00000000000090c2      0x7cb Drivers/STM32L0xx_HAL_Driver/Src/stm32l0xx_hal_tim_ex.o
 .debug_line    0x000000000000988d     0x1203 Drivers/STM32L0xx_HAL_Driver/Src/stm32l0xx_hal_uart.o
 .debug_line    0x000000000000aa90      0xbec Drivers/STM32L0xx_HAL_Driver/Src/stm32l0xx_ll_usb.o
 .debug_line    0x000000000000b67c      0xbfb Middlewares/ST/STM32_USB_Device_Library/Class/CDC/Src/usbd_cdc.o
 .debug_line    0x000000000000c277      0xc35 Middlewares/ST/STM32_USB_Device_Library/Core/Src/usbd_core.o
 .debug_line    0x000000000000ceac      0xc99 Middlewares/ST/STM32_USB_Device_Library/Core/Src/usbd_ctlreq.o
 .debug_line    0x000000000000db45      0xa9f Middlewares/ST/STM32_USB_Device_Library/Core/Src/usbd_ioreq.o
 .debug_line    0x000000000000e5e4      0xa81 USB_DEVICE/App/usb_device.o
 .debug_line    0x000000000000f065      0xab2 USB_DEVICE/App/usbd_cdc_if.o
 .debug_line    0x000000000000fb17      0xad3 USB_DEVICE/App/usbd_desc.o
 .debug_line    0x00000000000105ea      0xcc2 USB_DEVICE/Target/usbd_conf.o

.debug_str      0x0000000000000000    0x86156
 .debug_str     0x0000000000000000    0x7c363 Core/Src/Remote.o
                                      0x7c6ea (size before relaxing)
 .debug_str     0x000000000007c363     0x58bf Core/Src/main.o
                                      0x820d9 (size before relaxing)
 .debug_str     0x0000000000081c22       0xc7 Core/Src/stm32l0xx_hal_msp.o
                                      0x7cf6a (size before relaxing)
 .debug_str     0x0000000000081ce9      0x404 Core/Src/stm32l0xx_it.o
                                      0x7cee3 (size before relaxing)
 .debug_str     0x00000000000820ed       0x9c Core/Src/system_stm32l0xx.o
                                      0x7c389 (size before relaxing)
 .debug_str     0x0000000000082189       0x36 Core/Startup/startup_stm32l052k8tx.o
                                         0x73 (size before relaxing)
 .debug_str     0x00000000000821bf      0x3de Drivers/STM32L0xx_HAL_Driver/Src/stm32l0xx_hal.o
                                      0x7c97f (size before relaxing)
 .debug_str     0x000000000008259d      0x29d Drivers/STM32L0xx_HAL_Driver/Src/stm32l0xx_hal_cortex.o
                                      0x7c7c2 (size before relaxing)
 .debug_str     0x000000000008283a      0x222 Drivers/STM32L0xx_HAL_Driver/Src/stm32l0xx_hal_gpio.o
                                      0x7c639 (size before relaxing)
 .debug_str     0x0000000000082a5c      0x387 Drivers/STM32L0xx_HAL_Driver/Src/stm32l0xx_hal_pcd.o
                                      0x7c9e4 (size before relaxing)
 .debug_str     0x0000000000082de3      0x1c6 Drivers/STM32L0xx_HAL_Driver/Src/stm32l0xx_hal_pcd_ex.o
                                      0x7c80d (size before relaxing)
 .debug_str     0x0000000000082fa9      0x279 Drivers/STM32L0xx_HAL_Driver/Src/stm32l0xx_hal_rcc.o
                                      0x7c7f6 (size before relaxing)
 .debug_str     0x0000000000083222      0x352 Drivers/STM32L0xx_HAL_Driver/Src/stm32l0xx_hal_rcc_ex.o
                                      0x7c800 (size before relaxing)
 .debug_str     0x0000000000083574      0x216 Drivers/STM32L0xx_HAL_Driver/Src/stm32l0xx_hal_rtc.o
                                      0x7c753 (size before relaxing)
 .debug_str     0x000000000008378a      0xca5 Drivers/STM32L0xx_HAL_Driver/Src/stm32l0xx_hal_tim.o
                                      0x7d48c (size before relaxing)
 .debug_str     0x000000000008442f       0x77 Drivers/STM32L0xx_HAL_Driver/Src/stm32l0xx_hal_tim_ex.o
                                      0x7c717 (size before relaxing)
 .debug_str     0x00000000000844a6      0x7e2 Drivers/STM32L0xx_HAL_Driver/Src/stm32l0xx_hal_uart.o
                                      0x7cf4e (size before relaxing)
 .debug_str     0x0000000000084c88      0x303 Drivers/STM32L0xx_HAL_Driver/Src/stm32l0xx_ll_usb.o
                                      0x7c7f3 (size before relaxing)
 .debug_str     0x0000000000084f8b      0x8b6 Middlewares/ST/STM32_USB_Device_Library/Class/CDC/Src/usbd_cdc.o
                                      0x81f3c (size before relaxing)
 .debug_str     0x0000000000085841      0x1b5 Middlewares/ST/STM32_USB_Device_Library/Core/Src/usbd_core.o
                                      0x8180d (size before relaxing)
 .debug_str     0x00000000000859f6      0x134 Middlewares/ST/STM32_USB_Device_Library/Core/Src/usbd_ctlreq.o
                                      0x81793 (size before relaxing)
 .debug_str     0x0000000000085b2a       0xc9 Middlewares/ST/STM32_USB_Device_Library/Core/Src/usbd_ioreq.o
                                      0x8171b (size before relaxing)
 .debug_str     0x0000000000085bf3       0xec USB_DEVICE/App/usb_device.o
                                      0x81a54 (size before relaxing)
 .debug_str     0x0000000000085cdf       0xb2 USB_DEVICE/App/usbd_cdc_if.o
                                      0x81aba (size before relaxing)
 .debug_str     0x0000000000085d91      0x258 USB_DEVICE/App/usbd_desc.o
                                      0x81686 (size before relaxing)
 .debug_str     0x0000000000085fe9      0x16d USB_DEVICE/Target/usbd_conf.o
                                      0x82232 (size before relaxing)

.comment        0x0000000000000000       0x7b
 .comment       0x0000000000000000       0x7b Core/Src/Remote.o
                                         0x7c (size before relaxing)
 .comment       0x000000000000007b       0x7c Core/Src/main.o
 .comment       0x000000000000007b       0x7c Core/Src/stm32l0xx_hal_msp.o
 .comment       0x000000000000007b       0x7c Core/Src/stm32l0xx_it.o
 .comment       0x000000000000007b       0x7c Core/Src/system_stm32l0xx.o
 .comment       0x000000000000007b       0x7c Drivers/STM32L0xx_HAL_Driver/Src/stm32l0xx_hal.o
 .comment       0x000000000000007b       0x7c Drivers/STM32L0xx_HAL_Driver/Src/stm32l0xx_hal_cortex.o
 .comment       0x000000000000007b       0x7c Drivers/STM32L0xx_HAL_Driver/Src/stm32l0xx_hal_gpio.o
 .comment       0x000000000000007b       0x7c Drivers/STM32L0xx_HAL_Driver/Src/stm32l0xx_hal_pcd.o
 .comment       0x000000000000007b       0x7c Drivers/STM32L0xx_HAL_Driver/Src/stm32l0xx_hal_pcd_ex.o
 .comment       0x000000000000007b       0x7c Drivers/STM32L0xx_HAL_Driver/Src/stm32l0xx_hal_rcc.o
 .comment       0x000000000000007b       0x7c Drivers/STM32L0xx_HAL_Driver/Src/stm32l0xx_hal_rcc_ex.o
 .comment       0x000000000000007b       0x7c Drivers/STM32L0xx_HAL_Driver/Src/stm32l0xx_hal_rtc.o
 .comment       0x000000000000007b       0x7c Drivers/STM32L0xx_HAL_Driver/Src/stm32l0xx_hal_tim.o
 .comment       0x000000000000007b       0x7c Drivers/STM32L0xx_HAL_Driver/Src/stm32l0xx_hal_tim_ex.o
 .comment       0x000000000000007b       0x7c Drivers/STM32L0xx_HAL_Driver/Src/stm32l0xx_hal_uart.o
 .comment       0x000000000000007b       0x7c Drivers/STM32L0xx_HAL_Driver/Src/stm32l0xx_ll_usb.o
 .comment       0x000000000000007b       0x7c Middlewares/ST/STM32_USB_Device_Library/Class/CDC/Src/usbd_cdc.o
 .comment       0x000000000000007b       0x7c Middlewares/ST/STM32_USB_Device_Library/Core/Src/usbd_core.o
 .comment       0x000000000000007b       0x7c Middlewares/ST/STM32_USB_Device_Library/Core/Src/usbd_ctlreq.o
 .comment       0x000000000000007b       0x7c Middlewares/ST/STM32_USB_Device_Library/Core/Src/usbd_ioreq.o
 .comment       0x000000000000007b       0x7c USB_DEVICE/App/usb_device.o
 .comment       0x000000000000007b       0x7c USB_DEVICE/App/usbd_cdc_if.o
 .comment       0x000000000000007b       0x7c USB_DEVICE/App/usbd_desc.o
 .comment       0x000000000000007b       0x7c USB_DEVICE/Target/usbd_conf.o

.debug_frame    0x0000000000000000     0x3f50
 .debug_frame   0x0000000000000000       0x88 Core/Src/Remote.o
 .debug_frame   0x0000000000000088      0x104 Core/Src/main.o
 .debug_frame   0x000000000000018c      0x10c Core/Src/stm32l0xx_hal_msp.o
 .debug_frame   0x0000000000000298      0x12c Core/Src/stm32l0xx_it.o
 .debug_frame   0x00000000000003c4       0x4c Core/Src/system_stm32l0xx.o
 .debug_frame   0x0000000000000410      0x338 Drivers/STM32L0xx_HAL_Driver/Src/stm32l0xx_hal.o
 .debug_frame   0x0000000000000748      0x2fc Drivers/STM32L0xx_HAL_Driver/Src/stm32l0xx_hal_cortex.o
 .debug_frame   0x0000000000000a44      0x110 Drivers/STM32L0xx_HAL_Driver/Src/stm32l0xx_hal_gpio.o
 .debug_frame   0x0000000000000b54      0x434 Drivers/STM32L0xx_HAL_Driver/Src/stm32l0xx_hal_pcd.o
 .debug_frame   0x0000000000000f88      0x110 Drivers/STM32L0xx_HAL_Driver/Src/stm32l0xx_hal_pcd_ex.o
 .debug_frame   0x0000000000001098      0x1a4 Drivers/STM32L0xx_HAL_Driver/Src/stm32l0xx_hal_rcc.o
 .debug_frame   0x000000000000123c      0x244 Drivers/STM32L0xx_HAL_Driver/Src/stm32l0xx_hal_rcc_ex.o
 .debug_frame   0x0000000000001480      0x290 Drivers/STM32L0xx_HAL_Driver/Src/stm32l0xx_hal_rtc.o
 .debug_frame   0x0000000000001710      0xe50 Drivers/STM32L0xx_HAL_Driver/Src/stm32l0xx_hal_tim.o
 .debug_frame   0x0000000000002560       0x50 Drivers/STM32L0xx_HAL_Driver/Src/stm32l0xx_hal_tim_ex.o
 .debug_frame   0x00000000000025b0      0x794 Drivers/STM32L0xx_HAL_Driver/Src/stm32l0xx_hal_uart.o
 .debug_frame   0x0000000000002d44      0x3e0 Drivers/STM32L0xx_HAL_Driver/Src/stm32l0xx_ll_usb.o
 .debug_frame   0x0000000000003124      0x1f0 Middlewares/ST/STM32_USB_Device_Library/Class/CDC/Src/usbd_cdc.o
 .debug_frame   0x0000000000003314      0x290 Middlewares/ST/STM32_USB_Device_Library/Core/Src/usbd_core.o
 .debug_frame   0x00000000000035a4      0x1d4 Middlewares/ST/STM32_USB_Device_Library/Core/Src/usbd_ctlreq.o
 .debug_frame   0x0000000000003778       0xf0 Middlewares/ST/STM32_USB_Device_Library/Core/Src/usbd_ioreq.o
 .debug_frame   0x0000000000003868       0x2c USB_DEVICE/App/usb_device.o
 .debug_frame   0x0000000000003894       0xac USB_DEVICE/App/usbd_cdc_if.o
 .debug_frame   0x0000000000003940      0x130 USB_DEVICE/App/usbd_desc.o
 .debug_frame   0x0000000000003a70      0x438 USB_DEVICE/Target/usbd_conf.o
 .debug_frame   0x0000000000003ea8       0x2c c:/st/stm32cubeide_1.2.0/stm32cubeide/plugins/com.st.stm32cube.ide.mcu.externaltools.gnu-tools-for-stm32.7-2018-q2-update.win32_1.0.0.201904181610/tools/bin/../lib/gcc/arm-none-eabi/7.3.1/../../../../arm-none-eabi/lib/thumb/v6-m\libc_nano.a(lib_a-init.o)
 .debug_frame   0x0000000000003ed4       0x20 c:/st/stm32cubeide_1.2.0/stm32cubeide/plugins/com.st.stm32cube.ide.mcu.externaltools.gnu-tools-for-stm32.7-2018-q2-update.win32_1.0.0.201904181610/tools/bin/../lib/gcc/arm-none-eabi/7.3.1/../../../../arm-none-eabi/lib/thumb/v6-m\libc_nano.a(lib_a-memset.o)
 .debug_frame   0x0000000000003ef4       0x20 c:/st/stm32cubeide_1.2.0/stm32cubeide/plugins/com.st.stm32cube.ide.mcu.externaltools.gnu-tools-for-stm32.7-2018-q2-update.win32_1.0.0.201904181610/tools/bin/../lib/gcc/arm-none-eabi/7.3.1/thumb/v6-m\libgcc.a(_udivsi3.o)
 .debug_frame   0x0000000000003f14       0x3c c:/st/stm32cubeide_1.2.0/stm32cubeide/plugins/com.st.stm32cube.ide.mcu.externaltools.gnu-tools-for-stm32.7-2018-q2-update.win32_1.0.0.201904181610/tools/bin/../lib/gcc/arm-none-eabi/7.3.1/thumb/v6-m\libgcc.a(_udivmoddi4.o)